  Determining projects to restore...
  All projects are up-to-date for restore.
C:\Users\matth\OneDrive - Simon Fraser University (1sfu)\attn\DeveloperMode\Scripts\jellyfin-plugin-letterboxd-sync\LetterboxdSync\API\LetterboxdSyncController.cs(25,23): error CS1501: No overload for method 'Authenticate' takes 4 arguments [C:\Users\matth\OneDrive - Simon Fraser University (1sfu)\attn\DeveloperMode\Scripts\jellyfin-plugin-letterboxd-sync\LetterboxdSync\LetterboxdSync.csproj]
C:\Users\matth\OneDrive - Simon Fraser University (1sfu)\attn\DeveloperMode\Scripts\jellyfin-plugin-letterboxd-sync\LetterboxdSync\LetterboxdSyncTask.cs(77,28): warning CS8602: Dereference of a possibly null reference. [C:\Users\matth\OneDrive - Simon Fraser University (1sfu)\attn\DeveloperMode\Scripts\jellyfin-plugin-letterboxd-sync\LetterboxdSync\LetterboxdSync.csproj]
C:\Users\matth\OneDrive - Simon Fraser University (1sfu)\attn\DeveloperMode\Scripts\jellyfin-plugin-letterboxd-sync\LetterboxdSync\LetterboxdSyncTask.cs(85,40): warning CS8604: Possible null reference argument for parameter 'username' in 'Task LetterboxdApi.Authenticate(string username, string password)'. [C:\Users\matth\OneDrive - Simon Fraser University (1sfu)\attn\DeveloperMode\Scripts\jellyfin-plugin-letterboxd-sync\LetterboxdSync\LetterboxdSync.csproj]
C:\Users\matth\OneDrive - Simon Fraser University (1sfu)\attn\DeveloperMode\Scripts\jellyfin-plugin-letterboxd-sync\LetterboxdSync\LetterboxdSyncTask.cs(85,64): warning CS8604: Possible null reference argument for parameter 'password' in 'Task LetterboxdApi.Authenticate(string username, string password)'. [C:\Users\matth\OneDrive - Simon Fraser University (1sfu)\attn\DeveloperMode\Scripts\jellyfin-plugin-letterboxd-sync\LetterboxdSync\LetterboxdSync.csproj]
C:\Users\matth\OneDrive - Simon Fraser University (1sfu)\attn\DeveloperMode\Scripts\jellyfin-plugin-letterboxd-sync\LetterboxdSync\LetterboxdSyncTask.cs(106,41): warning CS8602: Dereference of a possibly null reference. [C:\Users\matth\OneDrive - Simon Fraser University (1sfu)\attn\DeveloperMode\Scripts\jellyfin-plugin-letterboxd-sync\LetterboxdSync\LetterboxdSync.csproj]
C:\Users\matth\OneDrive - Simon Fraser University (1sfu)\attn\DeveloperMode\Scripts\jellyfin-plugin-letterboxd-sync\LetterboxdSync\LetterboxdSyncTask.cs(125,37): warning CS8600: Converting null literal or possible null value to non-nullable type. [C:\Users\matth\OneDrive - Simon Fraser University (1sfu)\attn\DeveloperMode\Scripts\jellyfin-plugin-letterboxd-sync\LetterboxdSync\LetterboxdSync.csproj]
C:\Users\matth\OneDrive - Simon Fraser University (1sfu)\attn\DeveloperMode\Scripts\jellyfin-plugin-letterboxd-sync\LetterboxdSync\Configuration\PluginConfiguration.cs(8,26): warning CA2227: Change 'Accounts' to be read-only by removing the property setter (https://learn.microsoft.com/dotnet/fundamentals/code-analysis/quality-rules/ca2227) [C:\Users\matth\OneDrive - Simon Fraser University (1sfu)\attn\DeveloperMode\Scripts\jellyfin-plugin-letterboxd-sync\LetterboxdSync\LetterboxdSync.csproj]
C:\Users\matth\OneDrive - Simon Fraser University (1sfu)\attn\DeveloperMode\Scripts\jellyfin-plugin-letterboxd-sync\LetterboxdSync\Configuration\PluginConfiguration.cs(8,26): warning CA1002: Change 'List<Account>' in 'PluginConfiguration.Accounts' to use 'Collection<T>', 'ReadOnlyCollection<T>' or 'KeyedCollection<K,V>' (https://learn.microsoft.com/dotnet/fundamentals/code-analysis/quality-rules/ca1002) [C:\Users\matth\OneDrive - Simon Fraser University (1sfu)\attn\DeveloperMode\Scripts\jellyfin-plugin-letterboxd-sync\LetterboxdSync\LetterboxdSync.csproj]
C:\Users\matth\OneDrive - Simon Fraser University (1sfu)\attn\DeveloperMode\Scripts\jellyfin-plugin-letterboxd-sync\LetterboxdSync\API\LetterboxdSyncController.cs(28,9): warning SA1000: The keyword 'catch' should be followed by a space (https://github.com/DotNetAnalyzers/StyleCopAnalyzers/blob/master/documentation/SA1000.md) [C:\Users\matth\OneDrive - Simon Fraser University (1sfu)\attn\DeveloperMode\Scripts\jellyfin-plugin-letterboxd-sync\LetterboxdSync\LetterboxdSync.csproj]
C:\Users\matth\OneDrive - Simon Fraser University (1sfu)\attn\DeveloperMode\Scripts\jellyfin-plugin-letterboxd-sync\LetterboxdSync\API\LetterboxdSyncController.cs(13,1): warning SA1005: Single line comment should begin with a space (https://github.com/DotNetAnalyzers/StyleCopAnalyzers/blob/master/documentation/SA1005.md) [C:\Users\matth\OneDrive - Simon Fraser University (1sfu)\attn\DeveloperMode\Scripts\jellyfin-plugin-letterboxd-sync\LetterboxdSync\LetterboxdSync.csproj]
C:\Users\matth\OneDrive - Simon Fraser University (1sfu)\attn\DeveloperMode\Scripts\jellyfin-plugin-letterboxd-sync\LetterboxdSync\LetterboxdApi.cs(249,10): warning SA1513: Closing brace should be followed by blank line (https://github.com/DotNetAnalyzers/StyleCopAnalyzers/blob/master/documentation/SA1513.md) [C:\Users\matth\OneDrive - Simon Fraser University (1sfu)\attn\DeveloperMode\Scripts\jellyfin-plugin-letterboxd-sync\LetterboxdSync\LetterboxdSync.csproj]
C:\Users\matth\OneDrive - Simon Fraser University (1sfu)\attn\DeveloperMode\Scripts\jellyfin-plugin-letterboxd-sync\LetterboxdSync\LetterboxdApi.cs(309,26): warning SA1513: Closing brace should be followed by blank line (https://github.com/DotNetAnalyzers/StyleCopAnalyzers/blob/master/documentation/SA1513.md) [C:\Users\matth\OneDrive - Simon Fraser University (1sfu)\attn\DeveloperMode\Scripts\jellyfin-plugin-letterboxd-sync\LetterboxdSync\LetterboxdSync.csproj]
C:\Users\matth\OneDrive - Simon Fraser University (1sfu)\attn\DeveloperMode\Scripts\jellyfin-plugin-letterboxd-sync\LetterboxdSync\LetterboxdApi.cs(545,10): warning SA1513: Closing brace should be followed by blank line (https://github.com/DotNetAnalyzers/StyleCopAnalyzers/blob/master/documentation/SA1513.md) [C:\Users\matth\OneDrive - Simon Fraser University (1sfu)\attn\DeveloperMode\Scripts\jellyfin-plugin-letterboxd-sync\LetterboxdSync\LetterboxdSync.csproj]
C:\Users\matth\OneDrive - Simon Fraser University (1sfu)\attn\DeveloperMode\Scripts\jellyfin-plugin-letterboxd-sync\LetterboxdSync\LetterboxdApi.cs(603,10): warning SA1513: Closing brace should be followed by blank line (https://github.com/DotNetAnalyzers/StyleCopAnalyzers/blob/master/documentation/SA1513.md) [C:\Users\matth\OneDrive - Simon Fraser University (1sfu)\attn\DeveloperMode\Scripts\jellyfin-plugin-letterboxd-sync\LetterboxdSync\LetterboxdSync.csproj]
C:\Users\matth\OneDrive - Simon Fraser University (1sfu)\attn\DeveloperMode\Scripts\jellyfin-plugin-letterboxd-sync\LetterboxdSync\LetterboxdApi.cs(615,14): warning SA1402: File may only contain a single type (https://github.com/DotNetAnalyzers/StyleCopAnalyzers/blob/master/documentation/SA1402.md) [C:\Users\matth\OneDrive - Simon Fraser University (1sfu)\attn\DeveloperMode\Scripts\jellyfin-plugin-letterboxd-sync\LetterboxdSync\LetterboxdSync.csproj]
C:\Users\matth\OneDrive - Simon Fraser University (1sfu)\attn\DeveloperMode\Scripts\jellyfin-plugin-letterboxd-sync\LetterboxdSync\LetterboxdSyncTask.cs(11,1): warning SA1208: Using directive for 'System.Linq' should appear before directive for 'MediaBrowser.Controller.Entities' (https://github.com/DotNetAnalyzers/StyleCopAnalyzers/blob/master/documentation/SA1208.md) [C:\Users\matth\OneDrive - Simon Fraser University (1sfu)\attn\DeveloperMode\Scripts\jellyfin-plugin-letterboxd-sync\LetterboxdSync\LetterboxdSync.csproj]
C:\Users\matth\OneDrive - Simon Fraser University (1sfu)\attn\DeveloperMode\Scripts\jellyfin-plugin-letterboxd-sync\LetterboxdSync\LetterboxdSyncTask.cs(13,1): warning SA1208: Using directive for 'System.Globalization' should appear before directive for 'MediaBrowser.Controller.Entities' (https://github.com/DotNetAnalyzers/StyleCopAnalyzers/blob/master/documentation/SA1208.md) [C:\Users\matth\OneDrive - Simon Fraser University (1sfu)\attn\DeveloperMode\Scripts\jellyfin-plugin-letterboxd-sync\LetterboxdSync\LetterboxdSync.csproj]
C:\Users\matth\OneDrive - Simon Fraser University (1sfu)\attn\DeveloperMode\Scripts\jellyfin-plugin-letterboxd-sync\LetterboxdSync\LetterboxdSyncTask.cs(5,1): warning SA1210: Using directives should be ordered alphabetically by the namespaces (https://github.com/DotNetAnalyzers/StyleCopAnalyzers/blob/master/documentation/SA1210.md) [C:\Users\matth\OneDrive - Simon Fraser University (1sfu)\attn\DeveloperMode\Scripts\jellyfin-plugin-letterboxd-sync\LetterboxdSync\LetterboxdSync.csproj]
C:\Users\matth\OneDrive - Simon Fraser University (1sfu)\attn\DeveloperMode\Scripts\jellyfin-plugin-letterboxd-sync\LetterboxdSync\LetterboxdSyncTask.cs(7,1): warning SA1210: Using directives should be ordered alphabetically by the namespaces (https://github.com/DotNetAnalyzers/StyleCopAnalyzers/blob/master/documentation/SA1210.md) [C:\Users\matth\OneDrive - Simon Fraser University (1sfu)\attn\DeveloperMode\Scripts\jellyfin-plugin-letterboxd-sync\LetterboxdSync\LetterboxdSync.csproj]
C:\Users\matth\OneDrive - Simon Fraser University (1sfu)\attn\DeveloperMode\Scripts\jellyfin-plugin-letterboxd-sync\LetterboxdSync\LetterboxdSyncTask.cs(8,1): warning SA1210: Using directives should be ordered alphabetically by the namespaces (https://github.com/DotNetAnalyzers/StyleCopAnalyzers/blob/master/documentation/SA1210.md) [C:\Users\matth\OneDrive - Simon Fraser University (1sfu)\attn\DeveloperMode\Scripts\jellyfin-plugin-letterboxd-sync\LetterboxdSync\LetterboxdSync.csproj]
C:\Users\matth\OneDrive - Simon Fraser University (1sfu)\attn\DeveloperMode\Scripts\jellyfin-plugin-letterboxd-sync\LetterboxdSync\LetterboxdSyncTask.cs(4,1): warning SA1210: Using directives should be ordered alphabetically by the namespaces (https://github.com/DotNetAnalyzers/StyleCopAnalyzers/blob/master/documentation/SA1210.md) [C:\Users\matth\OneDrive - Simon Fraser University (1sfu)\attn\DeveloperMode\Scripts\jellyfin-plugin-letterboxd-sync\LetterboxdSync\LetterboxdSync.csproj]
C:\Users\matth\OneDrive - Simon Fraser University (1sfu)\attn\DeveloperMode\Scripts\jellyfin-plugin-letterboxd-sync\LetterboxdSync\LetterboxdSyncTask.cs(11,1): warning SA1210: Using directives should be ordered alphabetically by the namespaces (https://github.com/DotNetAnalyzers/StyleCopAnalyzers/blob/master/documentation/SA1210.md) [C:\Users\matth\OneDrive - Simon Fraser University (1sfu)\attn\DeveloperMode\Scripts\jellyfin-plugin-letterboxd-sync\LetterboxdSync\LetterboxdSync.csproj]
C:\Users\matth\OneDrive - Simon Fraser University (1sfu)\attn\DeveloperMode\Scripts\jellyfin-plugin-letterboxd-sync\LetterboxdSync\LetterboxdApi.cs(618,1): warning SA1516: Elements should be separated by blank line (https://github.com/DotNetAnalyzers/StyleCopAnalyzers/blob/master/documentation/SA1516.md) [C:\Users\matth\OneDrive - Simon Fraser University (1sfu)\attn\DeveloperMode\Scripts\jellyfin-plugin-letterboxd-sync\LetterboxdSync\LetterboxdSync.csproj]
C:\Users\matth\OneDrive - Simon Fraser University (1sfu)\attn\DeveloperMode\Scripts\jellyfin-plugin-letterboxd-sync\LetterboxdSync\LetterboxdApi.cs(620,12): warning SA1201: A constructor should not follow a property (https://github.com/DotNetAnalyzers/StyleCopAnalyzers/blob/master/documentation/SA1201.md) [C:\Users\matth\OneDrive - Simon Fraser University (1sfu)\attn\DeveloperMode\Scripts\jellyfin-plugin-letterboxd-sync\LetterboxdSync\LetterboxdSync.csproj]
C:\Users\matth\OneDrive - Simon Fraser University (1sfu)\attn\DeveloperMode\Scripts\jellyfin-plugin-letterboxd-sync\LetterboxdSync\LetterboxdApi.cs(617,19): warning SA1300: Element 'filmSlug' should begin with an uppercase letter (https://github.com/DotNetAnalyzers/StyleCopAnalyzers/blob/master/documentation/SA1300.md) [C:\Users\matth\OneDrive - Simon Fraser University (1sfu)\attn\DeveloperMode\Scripts\jellyfin-plugin-letterboxd-sync\LetterboxdSync\LetterboxdSync.csproj]
C:\Users\matth\OneDrive - Simon Fraser University (1sfu)\attn\DeveloperMode\Scripts\jellyfin-plugin-letterboxd-sync\LetterboxdSync\LetterboxdApi.cs(618,19): warning SA1300: Element 'filmId' should begin with an uppercase letter (https://github.com/DotNetAnalyzers/StyleCopAnalyzers/blob/master/documentation/SA1300.md) [C:\Users\matth\OneDrive - Simon Fraser University (1sfu)\attn\DeveloperMode\Scripts\jellyfin-plugin-letterboxd-sync\LetterboxdSync\LetterboxdSync.csproj]
C:\Users\matth\OneDrive - Simon Fraser University (1sfu)\attn\DeveloperMode\Scripts\jellyfin-plugin-letterboxd-sync\LetterboxdSync\LetterboxdApi.cs(23,38): warning SA1201: A field should not follow a property (https://github.com/DotNetAnalyzers/StyleCopAnalyzers/blob/master/documentation/SA1201.md) [C:\Users\matth\OneDrive - Simon Fraser University (1sfu)\attn\DeveloperMode\Scripts\jellyfin-plugin-letterboxd-sync\LetterboxdSync\LetterboxdSync.csproj]
C:\Users\matth\OneDrive - Simon Fraser University (1sfu)\attn\DeveloperMode\Scripts\jellyfin-plugin-letterboxd-sync\LetterboxdSync\LetterboxdApi.cs(109,12): warning SA1201: A constructor should not follow a method (https://github.com/DotNetAnalyzers/StyleCopAnalyzers/blob/master/documentation/SA1201.md) [C:\Users\matth\OneDrive - Simon Fraser University (1sfu)\attn\DeveloperMode\Scripts\jellyfin-plugin-letterboxd-sync\LetterboxdSync\LetterboxdSync.csproj]
C:\Users\matth\OneDrive - Simon Fraser University (1sfu)\attn\DeveloperMode\Scripts\jellyfin-plugin-letterboxd-sync\LetterboxdSync\LetterboxdApi.cs(105,13): warning SA1503: Braces should not be omitted (https://github.com/DotNetAnalyzers/StyleCopAnalyzers/blob/master/documentation/SA1503.md) [C:\Users\matth\OneDrive - Simon Fraser University (1sfu)\attn\DeveloperMode\Scripts\jellyfin-plugin-letterboxd-sync\LetterboxdSync\LetterboxdSync.csproj]
C:\Users\matth\OneDrive - Simon Fraser University (1sfu)\attn\DeveloperMode\Scripts\jellyfin-plugin-letterboxd-sync\LetterboxdSync\LetterboxdApi.cs(84,13): warning SA1503: Braces should not be omitted (https://github.com/DotNetAnalyzers/StyleCopAnalyzers/blob/master/documentation/SA1503.md) [C:\Users\matth\OneDrive - Simon Fraser University (1sfu)\attn\DeveloperMode\Scripts\jellyfin-plugin-letterboxd-sync\LetterboxdSync\LetterboxdSync.csproj]
C:\Users\matth\OneDrive - Simon Fraser University (1sfu)\attn\DeveloperMode\Scripts\jellyfin-plugin-letterboxd-sync\LetterboxdSync\LetterboxdApi.cs(100,23): warning SA1312: Variable '_' should begin with lower-case letter (https://github.com/DotNetAnalyzers/StyleCopAnalyzers/blob/master/documentation/SA1312.md) [C:\Users\matth\OneDrive - Simon Fraser University (1sfu)\attn\DeveloperMode\Scripts\jellyfin-plugin-letterboxd-sync\LetterboxdSync\LetterboxdSync.csproj]
C:\Users\matth\OneDrive - Simon Fraser University (1sfu)\attn\DeveloperMode\Scripts\jellyfin-plugin-letterboxd-sync\LetterboxdSync\LetterboxdApi.cs(37,45): warning SA1503: Braces should not be omitted (https://github.com/DotNetAnalyzers/StyleCopAnalyzers/blob/master/documentation/SA1503.md) [C:\Users\matth\OneDrive - Simon Fraser University (1sfu)\attn\DeveloperMode\Scripts\jellyfin-plugin-letterboxd-sync\LetterboxdSync\LetterboxdSync.csproj]
C:\Users\matth\OneDrive - Simon Fraser University (1sfu)\attn\DeveloperMode\Scripts\jellyfin-plugin-letterboxd-sync\LetterboxdSync\LetterboxdApi.cs(43,43): warning SA1503: Braces should not be omitted (https://github.com/DotNetAnalyzers/StyleCopAnalyzers/blob/master/documentation/SA1503.md) [C:\Users\matth\OneDrive - Simon Fraser University (1sfu)\attn\DeveloperMode\Scripts\jellyfin-plugin-letterboxd-sync\LetterboxdSync\LetterboxdSync.csproj]
C:\Users\matth\OneDrive - Simon Fraser University (1sfu)\attn\DeveloperMode\Scripts\jellyfin-plugin-letterboxd-sync\LetterboxdSync\LetterboxdApi.cs(45,26): warning SA1503: Braces should not be omitted (https://github.com/DotNetAnalyzers/StyleCopAnalyzers/blob/master/documentation/SA1503.md) [C:\Users\matth\OneDrive - Simon Fraser University (1sfu)\attn\DeveloperMode\Scripts\jellyfin-plugin-letterboxd-sync\LetterboxdSync\LetterboxdSync.csproj]
C:\Users\matth\OneDrive - Simon Fraser University (1sfu)\attn\DeveloperMode\Scripts\jellyfin-plugin-letterboxd-sync\LetterboxdSync\LetterboxdApi.cs(105,19): warning CA2201: Exception type System.Exception is not sufficiently specific (https://learn.microsoft.com/dotnet/fundamentals/code-analysis/quality-rules/ca2201) [C:\Users\matth\OneDrive - Simon Fraser University (1sfu)\attn\DeveloperMode\Scripts\jellyfin-plugin-letterboxd-sync\LetterboxdSync\LetterboxdSync.csproj]
C:\Users\matth\OneDrive - Simon Fraser University (1sfu)\attn\DeveloperMode\Scripts\jellyfin-plugin-letterboxd-sync\LetterboxdSync\LetterboxdApi.cs(167,43): warning SA1503: Braces should not be omitted (https://github.com/DotNetAnalyzers/StyleCopAnalyzers/blob/master/documentation/SA1503.md) [C:\Users\matth\OneDrive - Simon Fraser University (1sfu)\attn\DeveloperMode\Scripts\jellyfin-plugin-letterboxd-sync\LetterboxdSync\LetterboxdSync.csproj]
C:\Users\matth\OneDrive - Simon Fraser University (1sfu)\attn\DeveloperMode\Scripts\jellyfin-plugin-letterboxd-sync\LetterboxdSync\LetterboxdApi.cs(84,19): warning CA2201: Exception type System.Exception is not sufficiently specific (https://learn.microsoft.com/dotnet/fundamentals/code-analysis/quality-rules/ca2201) [C:\Users\matth\OneDrive - Simon Fraser University (1sfu)\attn\DeveloperMode\Scripts\jellyfin-plugin-letterboxd-sync\LetterboxdSync\LetterboxdSync.csproj]
C:\Users\matth\OneDrive - Simon Fraser University (1sfu)\attn\DeveloperMode\Scripts\jellyfin-plugin-letterboxd-sync\LetterboxdSync\LetterboxdApi.cs(216,53): warning SA1503: Braces should not be omitted (https://github.com/DotNetAnalyzers/StyleCopAnalyzers/blob/master/documentation/SA1503.md) [C:\Users\matth\OneDrive - Simon Fraser University (1sfu)\attn\DeveloperMode\Scripts\jellyfin-plugin-letterboxd-sync\LetterboxdSync\LetterboxdSync.csproj]
C:\Users\matth\OneDrive - Simon Fraser University (1sfu)\attn\DeveloperMode\Scripts\jellyfin-plugin-letterboxd-sync\LetterboxdSync\LetterboxdApi.cs(44,22): warning CA1307: 'string.IndexOf(char)' has a method overload that takes a 'StringComparison' parameter. Replace this call in 'LetterboxdSync.LetterboxdApi.SetRawCookies(string?)' with a call to 'string.IndexOf(char, System.StringComparison)' for clarity of intent. (https://learn.microsoft.com/dotnet/fundamentals/code-analysis/quality-rules/ca1307) [C:\Users\matth\OneDrive - Simon Fraser University (1sfu)\attn\DeveloperMode\Scripts\jellyfin-plugin-letterboxd-sync\LetterboxdSync\LetterboxdSync.csproj]
C:\Users\matth\OneDrive - Simon Fraser University (1sfu)\attn\DeveloperMode\Scripts\jellyfin-plugin-letterboxd-sync\LetterboxdSync\LetterboxdApi.cs(223,29): warning SA1503: Braces should not be omitted (https://github.com/DotNetAnalyzers/StyleCopAnalyzers/blob/master/documentation/SA1503.md) [C:\Users\matth\OneDrive - Simon Fraser University (1sfu)\attn\DeveloperMode\Scripts\jellyfin-plugin-letterboxd-sync\LetterboxdSync\LetterboxdSync.csproj]
C:\Users\matth\OneDrive - Simon Fraser University (1sfu)\attn\DeveloperMode\Scripts\jellyfin-plugin-letterboxd-sync\LetterboxdSync\LetterboxdApi.cs(229,44): warning SA1503: Braces should not be omitted (https://github.com/DotNetAnalyzers/StyleCopAnalyzers/blob/master/documentation/SA1503.md) [C:\Users\matth\OneDrive - Simon Fraser University (1sfu)\attn\DeveloperMode\Scripts\jellyfin-plugin-letterboxd-sync\LetterboxdSync\LetterboxdSync.csproj]
C:\Users\matth\OneDrive - Simon Fraser University (1sfu)\attn\DeveloperMode\Scripts\jellyfin-plugin-letterboxd-sync\LetterboxdSync\LetterboxdApi.cs(236,44): warning SA1503: Braces should not be omitted (https://github.com/DotNetAnalyzers/StyleCopAnalyzers/blob/master/documentation/SA1503.md) [C:\Users\matth\OneDrive - Simon Fraser University (1sfu)\attn\DeveloperMode\Scripts\jellyfin-plugin-letterboxd-sync\LetterboxdSync\LetterboxdSync.csproj]
C:\Users\matth\OneDrive - Simon Fraser University (1sfu)\attn\DeveloperMode\Scripts\jellyfin-plugin-letterboxd-sync\LetterboxdSync\LetterboxdApi.cs(285,44): warning SA1503: Braces should not be omitted (https://github.com/DotNetAnalyzers/StyleCopAnalyzers/blob/master/documentation/SA1503.md) [C:\Users\matth\OneDrive - Simon Fraser University (1sfu)\attn\DeveloperMode\Scripts\jellyfin-plugin-letterboxd-sync\LetterboxdSync\LetterboxdSync.csproj]
C:\Users\matth\OneDrive - Simon Fraser University (1sfu)\attn\DeveloperMode\Scripts\jellyfin-plugin-letterboxd-sync\LetterboxdSync\LetterboxdApi.cs(292,44): warning SA1503: Braces should not be omitted (https://github.com/DotNetAnalyzers/StyleCopAnalyzers/blob/master/documentation/SA1503.md) [C:\Users\matth\OneDrive - Simon Fraser University (1sfu)\attn\DeveloperMode\Scripts\jellyfin-plugin-letterboxd-sync\LetterboxdSync\LetterboxdSync.csproj]
C:\Users\matth\OneDrive - Simon Fraser University (1sfu)\attn\DeveloperMode\Scripts\jellyfin-plugin-letterboxd-sync\LetterboxdSync\LetterboxdApi.cs(307,33): warning SA1503: Braces should not be omitted (https://github.com/DotNetAnalyzers/StyleCopAnalyzers/blob/master/documentation/SA1503.md) [C:\Users\matth\OneDrive - Simon Fraser University (1sfu)\attn\DeveloperMode\Scripts\jellyfin-plugin-letterboxd-sync\LetterboxdSync\LetterboxdSync.csproj]
C:\Users\matth\OneDrive - Simon Fraser University (1sfu)\attn\DeveloperMode\Scripts\jellyfin-plugin-letterboxd-sync\LetterboxdSync\LetterboxdApi.cs(250,20): warning SA1024: Colon should be followed by a space (https://github.com/DotNetAnalyzers/StyleCopAnalyzers/blob/master/documentation/SA1024.md) [C:\Users\matth\OneDrive - Simon Fraser University (1sfu)\attn\DeveloperMode\Scripts\jellyfin-plugin-letterboxd-sync\LetterboxdSync\LetterboxdSync.csproj]
C:\Users\matth\OneDrive - Simon Fraser University (1sfu)\attn\DeveloperMode\Scripts\jellyfin-plugin-letterboxd-sync\LetterboxdSync\LetterboxdApi.cs(208,35): warning SA1312: Variable '_' should begin with lower-case letter (https://github.com/DotNetAnalyzers/StyleCopAnalyzers/blob/master/documentation/SA1312.md) [C:\Users\matth\OneDrive - Simon Fraser University (1sfu)\attn\DeveloperMode\Scripts\jellyfin-plugin-letterboxd-sync\LetterboxdSync\LetterboxdSync.csproj]
C:\Users\matth\OneDrive - Simon Fraser University (1sfu)\attn\DeveloperMode\Scripts\jellyfin-plugin-letterboxd-sync\LetterboxdSync\LetterboxdApi.cs(250,21): warning SA1106: Code should not contain empty statements (https://github.com/DotNetAnalyzers/StyleCopAnalyzers/blob/master/documentation/SA1106.md) [C:\Users\matth\OneDrive - Simon Fraser University (1sfu)\attn\DeveloperMode\Scripts\jellyfin-plugin-letterboxd-sync\LetterboxdSync\LetterboxdSync.csproj]
C:\Users\matth\OneDrive - Simon Fraser University (1sfu)\attn\DeveloperMode\Scripts\jellyfin-plugin-letterboxd-sync\LetterboxdSync\LetterboxdSyncTask.cs(58,17): warning SA1503: Braces should not be omitted (https://github.com/DotNetAnalyzers/StyleCopAnalyzers/blob/master/documentation/SA1503.md) [C:\Users\matth\OneDrive - Simon Fraser University (1sfu)\attn\DeveloperMode\Scripts\jellyfin-plugin-letterboxd-sync\LetterboxdSync\LetterboxdSync.csproj]
C:\Users\matth\OneDrive - Simon Fraser University (1sfu)\attn\DeveloperMode\Scripts\jellyfin-plugin-letterboxd-sync\LetterboxdSync\LetterboxdSyncTask.cs(68,17): warning SA1503: Braces should not be omitted (https://github.com/DotNetAnalyzers/StyleCopAnalyzers/blob/master/documentation/SA1503.md) [C:\Users\matth\OneDrive - Simon Fraser University (1sfu)\attn\DeveloperMode\Scripts\jellyfin-plugin-letterboxd-sync\LetterboxdSync\LetterboxdSync.csproj]
C:\Users\matth\OneDrive - Simon Fraser University (1sfu)\attn\DeveloperMode\Scripts\jellyfin-plugin-letterboxd-sync\LetterboxdSync\LetterboxdSyncTask.cs(100,64): warning SA1503: Braces should not be omitted (https://github.com/DotNetAnalyzers/StyleCopAnalyzers/blob/master/documentation/SA1503.md) [C:\Users\matth\OneDrive - Simon Fraser University (1sfu)\attn\DeveloperMode\Scripts\jellyfin-plugin-letterboxd-sync\LetterboxdSync\LetterboxdSync.csproj]
C:\Users\matth\OneDrive - Simon Fraser University (1sfu)\attn\DeveloperMode\Scripts\jellyfin-plugin-letterboxd-sync\LetterboxdSync\LetterboxdSyncTask.cs(93,36): warning SA1117: The parameters should all be placed on the same line or each parameter should be placed on its own line (https://github.com/DotNetAnalyzers/StyleCopAnalyzers/blob/master/documentation/SA1117.md) [C:\Users\matth\OneDrive - Simon Fraser University (1sfu)\attn\DeveloperMode\Scripts\jellyfin-plugin-letterboxd-sync\LetterboxdSync\LetterboxdSync.csproj]
C:\Users\matth\OneDrive - Simon Fraser University (1sfu)\attn\DeveloperMode\Scripts\jellyfin-plugin-letterboxd-sync\LetterboxdSync\LetterboxdSyncTask.cs(163,48): warning SA1117: The parameters should all be placed on the same line or each parameter should be placed on its own line (https://github.com/DotNetAnalyzers/StyleCopAnalyzers/blob/master/documentation/SA1117.md) [C:\Users\matth\OneDrive - Simon Fraser University (1sfu)\attn\DeveloperMode\Scripts\jellyfin-plugin-letterboxd-sync\LetterboxdSync\LetterboxdSync.csproj]
C:\Users\matth\OneDrive - Simon Fraser University (1sfu)\attn\DeveloperMode\Scripts\jellyfin-plugin-letterboxd-sync\LetterboxdSync\LetterboxdSyncTask.cs(177,48): warning SA1117: The parameters should all be placed on the same line or each parameter should be placed on its own line (https://github.com/DotNetAnalyzers/StyleCopAnalyzers/blob/master/documentation/SA1117.md) [C:\Users\matth\OneDrive - Simon Fraser University (1sfu)\attn\DeveloperMode\Scripts\jellyfin-plugin-letterboxd-sync\LetterboxdSync\LetterboxdSync.csproj]
C:\Users\matth\OneDrive - Simon Fraser University (1sfu)\attn\DeveloperMode\Scripts\jellyfin-plugin-letterboxd-sync\LetterboxdSync\LetterboxdSyncTask.cs(185,36): warning SA1117: The parameters should all be placed on the same line or each parameter should be placed on its own line (https://github.com/DotNetAnalyzers/StyleCopAnalyzers/blob/master/documentation/SA1117.md) [C:\Users\matth\OneDrive - Simon Fraser University (1sfu)\attn\DeveloperMode\Scripts\jellyfin-plugin-letterboxd-sync\LetterboxdSync\LetterboxdSync.csproj]
C:\Users\matth\OneDrive - Simon Fraser University (1sfu)\attn\DeveloperMode\Scripts\jellyfin-plugin-letterboxd-sync\LetterboxdSync\LetterboxdApi.cs(277,41): warning SA1122: Use string.Empty for empty strings (https://github.com/DotNetAnalyzers/StyleCopAnalyzers/blob/master/documentation/SA1122.md) [C:\Users\matth\OneDrive - Simon Fraser University (1sfu)\attn\DeveloperMode\Scripts\jellyfin-plugin-letterboxd-sync\LetterboxdSync\LetterboxdSync.csproj]
C:\Users\matth\OneDrive - Simon Fraser University (1sfu)\attn\DeveloperMode\Scripts\jellyfin-plugin-letterboxd-sync\LetterboxdSync\LetterboxdSyncTask.cs(48,1): warning SA1507: Code should not contain multiple blank lines in a row (https://github.com/DotNetAnalyzers/StyleCopAnalyzers/blob/master/documentation/SA1507.md) [C:\Users\matth\OneDrive - Simon Fraser University (1sfu)\attn\DeveloperMode\Scripts\jellyfin-plugin-letterboxd-sync\LetterboxdSync\LetterboxdSync.csproj]
C:\Users\matth\OneDrive - Simon Fraser University (1sfu)\attn\DeveloperMode\Scripts\jellyfin-plugin-letterboxd-sync\LetterboxdSync\LetterboxdApi.cs(217,35): warning CA2201: Exception type System.Exception is not sufficiently specific (https://learn.microsoft.com/dotnet/fundamentals/code-analysis/quality-rules/ca2201) [C:\Users\matth\OneDrive - Simon Fraser University (1sfu)\attn\DeveloperMode\Scripts\jellyfin-plugin-letterboxd-sync\LetterboxdSync\LetterboxdSync.csproj]
C:\Users\matth\OneDrive - Simon Fraser University (1sfu)\attn\DeveloperMode\Scripts\jellyfin-plugin-letterboxd-sync\LetterboxdSync\LetterboxdApi.cs(223,35): warning CA2201: Exception type System.Exception is not sufficiently specific (https://learn.microsoft.com/dotnet/fundamentals/code-analysis/quality-rules/ca2201) [C:\Users\matth\OneDrive - Simon Fraser University (1sfu)\attn\DeveloperMode\Scripts\jellyfin-plugin-letterboxd-sync\LetterboxdSync\LetterboxdSync.csproj]
C:\Users\matth\OneDrive - Simon Fraser University (1sfu)\attn\DeveloperMode\Scripts\jellyfin-plugin-letterboxd-sync\LetterboxdSync\LetterboxdApi.cs(230,27): warning CA2201: Exception type System.Exception is not sufficiently specific (https://learn.microsoft.com/dotnet/fundamentals/code-analysis/quality-rules/ca2201) [C:\Users\matth\OneDrive - Simon Fraser University (1sfu)\attn\DeveloperMode\Scripts\jellyfin-plugin-letterboxd-sync\LetterboxdSync\LetterboxdSync.csproj]
C:\Users\matth\OneDrive - Simon Fraser University (1sfu)\attn\DeveloperMode\Scripts\jellyfin-plugin-letterboxd-sync\LetterboxdSync\LetterboxdApi.cs(237,27): warning CA2201: Exception type System.Exception is not sufficiently specific (https://learn.microsoft.com/dotnet/fundamentals/code-analysis/quality-rules/ca2201) [C:\Users\matth\OneDrive - Simon Fraser University (1sfu)\attn\DeveloperMode\Scripts\jellyfin-plugin-letterboxd-sync\LetterboxdSync\LetterboxdSync.csproj]
C:\Users\matth\OneDrive - Simon Fraser University (1sfu)\attn\DeveloperMode\Scripts\jellyfin-plugin-letterboxd-sync\LetterboxdSync\LetterboxdApi.cs(244,27): warning CA2201: Exception type System.Exception is not sufficiently specific (https://learn.microsoft.com/dotnet/fundamentals/code-analysis/quality-rules/ca2201) [C:\Users\matth\OneDrive - Simon Fraser University (1sfu)\attn\DeveloperMode\Scripts\jellyfin-plugin-letterboxd-sync\LetterboxdSync\LetterboxdSync.csproj]
C:\Users\matth\OneDrive - Simon Fraser University (1sfu)\attn\DeveloperMode\Scripts\jellyfin-plugin-letterboxd-sync\LetterboxdSync\LetterboxdApi.cs(286,27): warning CA2201: Exception type System.Exception is not sufficiently specific (https://learn.microsoft.com/dotnet/fundamentals/code-analysis/quality-rules/ca2201) [C:\Users\matth\OneDrive - Simon Fraser University (1sfu)\attn\DeveloperMode\Scripts\jellyfin-plugin-letterboxd-sync\LetterboxdSync\LetterboxdSync.csproj]
C:\Users\matth\OneDrive - Simon Fraser University (1sfu)\attn\DeveloperMode\Scripts\jellyfin-plugin-letterboxd-sync\LetterboxdSync\LetterboxdApi.cs(293,27): warning CA2201: Exception type System.Exception is not sufficiently specific (https://learn.microsoft.com/dotnet/fundamentals/code-analysis/quality-rules/ca2201) [C:\Users\matth\OneDrive - Simon Fraser University (1sfu)\attn\DeveloperMode\Scripts\jellyfin-plugin-letterboxd-sync\LetterboxdSync\LetterboxdSync.csproj]
C:\Users\matth\OneDrive - Simon Fraser University (1sfu)\attn\DeveloperMode\Scripts\jellyfin-plugin-letterboxd-sync\LetterboxdSync\LetterboxdApi.cs(310,31): warning CA2201: Exception type System.Exception is not sufficiently specific (https://learn.microsoft.com/dotnet/fundamentals/code-analysis/quality-rules/ca2201) [C:\Users\matth\OneDrive - Simon Fraser University (1sfu)\attn\DeveloperMode\Scripts\jellyfin-plugin-letterboxd-sync\LetterboxdSync\LetterboxdSync.csproj]
C:\Users\matth\OneDrive - Simon Fraser University (1sfu)\attn\DeveloperMode\Scripts\jellyfin-plugin-letterboxd-sync\LetterboxdSync\LetterboxdSyncTask.cs(162,33): error CA1305: The behavior of 'DateTime.ToString(string)' could vary based on the current user's locale settings. Replace this call in 'LetterboxdSyncTask.ExecuteAsync(IProgress<double>, CancellationToken)' with a call to 'DateTime.ToString(string, IFormatProvider)'. (https://learn.microsoft.com/dotnet/fundamentals/code-analysis/quality-rules/ca1305) [C:\Users\matth\OneDrive - Simon Fraser University (1sfu)\attn\DeveloperMode\Scripts\jellyfin-plugin-letterboxd-sync\LetterboxdSync\LetterboxdSync.csproj]
C:\Users\matth\OneDrive - Simon Fraser University (1sfu)\attn\DeveloperMode\Scripts\jellyfin-plugin-letterboxd-sync\LetterboxdSync\LetterboxdSyncTask.cs(177,55): error CA1305: The behavior of 'DateTime.ToString(string)' could vary based on the current user's locale settings. Replace this call in 'LetterboxdSyncTask.ExecuteAsync(IProgress<double>, CancellationToken)' with a call to 'DateTime.ToString(string, IFormatProvider)'. (https://learn.microsoft.com/dotnet/fundamentals/code-analysis/quality-rules/ca1305) [C:\Users\matth\OneDrive - Simon Fraser University (1sfu)\attn\DeveloperMode\Scripts\jellyfin-plugin-letterboxd-sync\LetterboxdSync\LetterboxdSync.csproj]
C:\Users\matth\OneDrive - Simon Fraser University (1sfu)\attn\DeveloperMode\Scripts\jellyfin-plugin-letterboxd-sync\LetterboxdSync\LetterboxdApi.cs(334,44): warning SA1503: Braces should not be omitted (https://github.com/DotNetAnalyzers/StyleCopAnalyzers/blob/master/documentation/SA1503.md) [C:\Users\matth\OneDrive - Simon Fraser University (1sfu)\attn\DeveloperMode\Scripts\jellyfin-plugin-letterboxd-sync\LetterboxdSync\LetterboxdSync.csproj]
C:\Users\matth\OneDrive - Simon Fraser University (1sfu)\attn\DeveloperMode\Scripts\jellyfin-plugin-letterboxd-sync\LetterboxdSync\LetterboxdApi.cs(341,44): warning SA1503: Braces should not be omitted (https://github.com/DotNetAnalyzers/StyleCopAnalyzers/blob/master/documentation/SA1503.md) [C:\Users\matth\OneDrive - Simon Fraser University (1sfu)\attn\DeveloperMode\Scripts\jellyfin-plugin-letterboxd-sync\LetterboxdSync\LetterboxdSync.csproj]
C:\Users\matth\OneDrive - Simon Fraser University (1sfu)\attn\DeveloperMode\Scripts\jellyfin-plugin-letterboxd-sync\LetterboxdSync\LetterboxdApi.cs(359,25): warning SA1503: Braces should not be omitted (https://github.com/DotNetAnalyzers/StyleCopAnalyzers/blob/master/documentation/SA1503.md) [C:\Users\matth\OneDrive - Simon Fraser University (1sfu)\attn\DeveloperMode\Scripts\jellyfin-plugin-letterboxd-sync\LetterboxdSync\LetterboxdSync.csproj]
C:\Users\matth\OneDrive - Simon Fraser University (1sfu)\attn\DeveloperMode\Scripts\jellyfin-plugin-letterboxd-sync\LetterboxdSync\LetterboxdApi.cs(372,21): warning SA1503: Braces should not be omitted (https://github.com/DotNetAnalyzers/StyleCopAnalyzers/blob/master/documentation/SA1503.md) [C:\Users\matth\OneDrive - Simon Fraser University (1sfu)\attn\DeveloperMode\Scripts\jellyfin-plugin-letterboxd-sync\LetterboxdSync\LetterboxdSync.csproj]
C:\Users\matth\OneDrive - Simon Fraser University (1sfu)\attn\DeveloperMode\Scripts\jellyfin-plugin-letterboxd-sync\LetterboxdSync\LetterboxdApi.cs(384,52): warning SA1503: Braces should not be omitted (https://github.com/DotNetAnalyzers/StyleCopAnalyzers/blob/master/documentation/SA1503.md) [C:\Users\matth\OneDrive - Simon Fraser University (1sfu)\attn\DeveloperMode\Scripts\jellyfin-plugin-letterboxd-sync\LetterboxdSync\LetterboxdSync.csproj]
C:\Users\matth\OneDrive - Simon Fraser University (1sfu)\attn\DeveloperMode\Scripts\jellyfin-plugin-letterboxd-sync\LetterboxdSync\LetterboxdApi.cs(398,29): warning SA1503: Braces should not be omitted (https://github.com/DotNetAnalyzers/StyleCopAnalyzers/blob/master/documentation/SA1503.md) [C:\Users\matth\OneDrive - Simon Fraser University (1sfu)\attn\DeveloperMode\Scripts\jellyfin-plugin-letterboxd-sync\LetterboxdSync\LetterboxdSync.csproj]
C:\Users\matth\OneDrive - Simon Fraser University (1sfu)\attn\DeveloperMode\Scripts\jellyfin-plugin-letterboxd-sync\LetterboxdSync\LetterboxdApi.cs(403,29): warning SA1503: Braces should not be omitted (https://github.com/DotNetAnalyzers/StyleCopAnalyzers/blob/master/documentation/SA1503.md) [C:\Users\matth\OneDrive - Simon Fraser University (1sfu)\attn\DeveloperMode\Scripts\jellyfin-plugin-letterboxd-sync\LetterboxdSync\LetterboxdSync.csproj]
C:\Users\matth\OneDrive - Simon Fraser University (1sfu)\attn\DeveloperMode\Scripts\jellyfin-plugin-letterboxd-sync\LetterboxdSync\LetterboxdApi.cs(427,44): warning SA1503: Braces should not be omitted (https://github.com/DotNetAnalyzers/StyleCopAnalyzers/blob/master/documentation/SA1503.md) [C:\Users\matth\OneDrive - Simon Fraser University (1sfu)\attn\DeveloperMode\Scripts\jellyfin-plugin-letterboxd-sync\LetterboxdSync\LetterboxdSync.csproj]
C:\Users\matth\OneDrive - Simon Fraser University (1sfu)\attn\DeveloperMode\Scripts\jellyfin-plugin-letterboxd-sync\LetterboxdSync\LetterboxdApi.cs(445,25): warning SA1503: Braces should not be omitted (https://github.com/DotNetAnalyzers/StyleCopAnalyzers/blob/master/documentation/SA1503.md) [C:\Users\matth\OneDrive - Simon Fraser University (1sfu)\attn\DeveloperMode\Scripts\jellyfin-plugin-letterboxd-sync\LetterboxdSync\LetterboxdSync.csproj]
C:\Users\matth\OneDrive - Simon Fraser University (1sfu)\attn\DeveloperMode\Scripts\jellyfin-plugin-letterboxd-sync\LetterboxdSync\LetterboxdApi.cs(449,21): warning SA1503: Braces should not be omitted (https://github.com/DotNetAnalyzers/StyleCopAnalyzers/blob/master/documentation/SA1503.md) [C:\Users\matth\OneDrive - Simon Fraser University (1sfu)\attn\DeveloperMode\Scripts\jellyfin-plugin-letterboxd-sync\LetterboxdSync\LetterboxdSync.csproj]
C:\Users\matth\OneDrive - Simon Fraser University (1sfu)\attn\DeveloperMode\Scripts\jellyfin-plugin-letterboxd-sync\LetterboxdSync\LetterboxdApi.cs(455,21): warning SA1503: Braces should not be omitted (https://github.com/DotNetAnalyzers/StyleCopAnalyzers/blob/master/documentation/SA1503.md) [C:\Users\matth\OneDrive - Simon Fraser University (1sfu)\attn\DeveloperMode\Scripts\jellyfin-plugin-letterboxd-sync\LetterboxdSync\LetterboxdSync.csproj]
C:\Users\matth\OneDrive - Simon Fraser University (1sfu)\attn\DeveloperMode\Scripts\jellyfin-plugin-letterboxd-sync\LetterboxdSync\LetterboxdApi.cs(473,21): warning SA1503: Braces should not be omitted (https://github.com/DotNetAnalyzers/StyleCopAnalyzers/blob/master/documentation/SA1503.md) [C:\Users\matth\OneDrive - Simon Fraser University (1sfu)\attn\DeveloperMode\Scripts\jellyfin-plugin-letterboxd-sync\LetterboxdSync\LetterboxdSync.csproj]
C:\Users\matth\OneDrive - Simon Fraser University (1sfu)\attn\DeveloperMode\Scripts\jellyfin-plugin-letterboxd-sync\LetterboxdSync\LetterboxdApi.cs(480,38): warning SA1503: Braces should not be omitted (https://github.com/DotNetAnalyzers/StyleCopAnalyzers/blob/master/documentation/SA1503.md) [C:\Users\matth\OneDrive - Simon Fraser University (1sfu)\attn\DeveloperMode\Scripts\jellyfin-plugin-letterboxd-sync\LetterboxdSync\LetterboxdSync.csproj]
C:\Users\matth\OneDrive - Simon Fraser University (1sfu)\attn\DeveloperMode\Scripts\jellyfin-plugin-letterboxd-sync\LetterboxdSync\LetterboxdApi.cs(359,50): warning CA1866: Use 'string.StartsWith(char)' instead of 'string.StartsWith(string)' when you have a string with a single char (https://learn.microsoft.com/dotnet/fundamentals/code-analysis/quality-rules/ca1866) [C:\Users\matth\OneDrive - Simon Fraser University (1sfu)\attn\DeveloperMode\Scripts\jellyfin-plugin-letterboxd-sync\LetterboxdSync\LetterboxdSync.csproj]
C:\Users\matth\OneDrive - Simon Fraser University (1sfu)\attn\DeveloperMode\Scripts\jellyfin-plugin-letterboxd-sync\LetterboxdSync\LetterboxdApi.cs(445,50): warning CA1866: Use 'string.StartsWith(char)' instead of 'string.StartsWith(string)' when you have a string with a single char (https://learn.microsoft.com/dotnet/fundamentals/code-analysis/quality-rules/ca1866) [C:\Users\matth\OneDrive - Simon Fraser University (1sfu)\attn\DeveloperMode\Scripts\jellyfin-plugin-letterboxd-sync\LetterboxdSync\LetterboxdSync.csproj]
C:\Users\matth\OneDrive - Simon Fraser University (1sfu)\attn\DeveloperMode\Scripts\jellyfin-plugin-letterboxd-sync\LetterboxdSync\LetterboxdApi.cs(473,27): warning CA2201: Exception type System.Exception is not sufficiently specific (https://learn.microsoft.com/dotnet/fundamentals/code-analysis/quality-rules/ca2201) [C:\Users\matth\OneDrive - Simon Fraser University (1sfu)\attn\DeveloperMode\Scripts\jellyfin-plugin-letterboxd-sync\LetterboxdSync\LetterboxdSync.csproj]
C:\Users\matth\OneDrive - Simon Fraser University (1sfu)\attn\DeveloperMode\Scripts\jellyfin-plugin-letterboxd-sync\LetterboxdSync\LetterboxdApi.cs(480,44): warning CA2201: Exception type System.Exception is not sufficiently specific (https://learn.microsoft.com/dotnet/fundamentals/code-analysis/quality-rules/ca2201) [C:\Users\matth\OneDrive - Simon Fraser University (1sfu)\attn\DeveloperMode\Scripts\jellyfin-plugin-letterboxd-sync\LetterboxdSync\LetterboxdSync.csproj]
C:\Users\matth\OneDrive - Simon Fraser University (1sfu)\attn\DeveloperMode\Scripts\jellyfin-plugin-letterboxd-sync\LetterboxdSync\LetterboxdApi.cs(428,27): warning CA2201: Exception type System.Exception is not sufficiently specific (https://learn.microsoft.com/dotnet/fundamentals/code-analysis/quality-rules/ca2201) [C:\Users\matth\OneDrive - Simon Fraser University (1sfu)\attn\DeveloperMode\Scripts\jellyfin-plugin-letterboxd-sync\LetterboxdSync\LetterboxdSync.csproj]
C:\Users\matth\OneDrive - Simon Fraser University (1sfu)\attn\DeveloperMode\Scripts\jellyfin-plugin-letterboxd-sync\LetterboxdSync\LetterboxdApi.cs(449,27): warning CA2201: Exception type System.Exception is not sufficiently specific (https://learn.microsoft.com/dotnet/fundamentals/code-analysis/quality-rules/ca2201) [C:\Users\matth\OneDrive - Simon Fraser University (1sfu)\attn\DeveloperMode\Scripts\jellyfin-plugin-letterboxd-sync\LetterboxdSync\LetterboxdSync.csproj]
C:\Users\matth\OneDrive - Simon Fraser University (1sfu)\attn\DeveloperMode\Scripts\jellyfin-plugin-letterboxd-sync\LetterboxdSync\LetterboxdApi.cs(455,27): warning CA2201: Exception type System.Exception is not sufficiently specific (https://learn.microsoft.com/dotnet/fundamentals/code-analysis/quality-rules/ca2201) [C:\Users\matth\OneDrive - Simon Fraser University (1sfu)\attn\DeveloperMode\Scripts\jellyfin-plugin-letterboxd-sync\LetterboxdSync\LetterboxdSync.csproj]
C:\Users\matth\OneDrive - Simon Fraser University (1sfu)\attn\DeveloperMode\Scripts\jellyfin-plugin-letterboxd-sync\LetterboxdSync\LetterboxdApi.cs(445,35): warning CA1310: The behavior of 'string.StartsWith(string)' could vary based on the current user's locale settings. Replace this call in 'LetterboxdSync.LetterboxdApi.SearchFilmByImdbId(string)' with a call to 'string.StartsWith(string, System.StringComparison)'. (https://learn.microsoft.com/dotnet/fundamentals/code-analysis/quality-rules/ca1310) [C:\Users\matth\OneDrive - Simon Fraser University (1sfu)\attn\DeveloperMode\Scripts\jellyfin-plugin-letterboxd-sync\LetterboxdSync\LetterboxdSync.csproj]
C:\Users\matth\OneDrive - Simon Fraser University (1sfu)\attn\DeveloperMode\Scripts\jellyfin-plugin-letterboxd-sync\LetterboxdSync\LetterboxdApi.cs(335,27): warning CA2201: Exception type System.Exception is not sufficiently specific (https://learn.microsoft.com/dotnet/fundamentals/code-analysis/quality-rules/ca2201) [C:\Users\matth\OneDrive - Simon Fraser University (1sfu)\attn\DeveloperMode\Scripts\jellyfin-plugin-letterboxd-sync\LetterboxdSync\LetterboxdSync.csproj]
C:\Users\matth\OneDrive - Simon Fraser University (1sfu)\attn\DeveloperMode\Scripts\jellyfin-plugin-letterboxd-sync\LetterboxdSync\LetterboxdApi.cs(342,27): warning CA2201: Exception type System.Exception is not sufficiently specific (https://learn.microsoft.com/dotnet/fundamentals/code-analysis/quality-rules/ca2201) [C:\Users\matth\OneDrive - Simon Fraser University (1sfu)\attn\DeveloperMode\Scripts\jellyfin-plugin-letterboxd-sync\LetterboxdSync\LetterboxdSync.csproj]
C:\Users\matth\OneDrive - Simon Fraser University (1sfu)\attn\DeveloperMode\Scripts\jellyfin-plugin-letterboxd-sync\LetterboxdSync\LetterboxdApi.cs(365,27): warning CA2201: Exception type System.Exception is not sufficiently specific (https://learn.microsoft.com/dotnet/fundamentals/code-analysis/quality-rules/ca2201) [C:\Users\matth\OneDrive - Simon Fraser University (1sfu)\attn\DeveloperMode\Scripts\jellyfin-plugin-letterboxd-sync\LetterboxdSync\LetterboxdSync.csproj]
C:\Users\matth\OneDrive - Simon Fraser University (1sfu)\attn\DeveloperMode\Scripts\jellyfin-plugin-letterboxd-sync\LetterboxdSync\LetterboxdApi.cs(372,27): warning CA2201: Exception type System.Exception is not sufficiently specific (https://learn.microsoft.com/dotnet/fundamentals/code-analysis/quality-rules/ca2201) [C:\Users\matth\OneDrive - Simon Fraser University (1sfu)\attn\DeveloperMode\Scripts\jellyfin-plugin-letterboxd-sync\LetterboxdSync\LetterboxdSync.csproj]
C:\Users\matth\OneDrive - Simon Fraser University (1sfu)\attn\DeveloperMode\Scripts\jellyfin-plugin-letterboxd-sync\LetterboxdSync\LetterboxdApi.cs(385,35): warning CA2201: Exception type System.Exception is not sufficiently specific (https://learn.microsoft.com/dotnet/fundamentals/code-analysis/quality-rules/ca2201) [C:\Users\matth\OneDrive - Simon Fraser University (1sfu)\attn\DeveloperMode\Scripts\jellyfin-plugin-letterboxd-sync\LetterboxdSync\LetterboxdSync.csproj]
C:\Users\matth\OneDrive - Simon Fraser University (1sfu)\attn\DeveloperMode\Scripts\jellyfin-plugin-letterboxd-sync\LetterboxdSync\LetterboxdApi.cs(398,35): warning CA2201: Exception type System.Exception is not sufficiently specific (https://learn.microsoft.com/dotnet/fundamentals/code-analysis/quality-rules/ca2201) [C:\Users\matth\OneDrive - Simon Fraser University (1sfu)\attn\DeveloperMode\Scripts\jellyfin-plugin-letterboxd-sync\LetterboxdSync\LetterboxdSync.csproj]
C:\Users\matth\OneDrive - Simon Fraser University (1sfu)\attn\DeveloperMode\Scripts\jellyfin-plugin-letterboxd-sync\LetterboxdSync\LetterboxdApi.cs(403,35): warning CA2201: Exception type System.Exception is not sufficiently specific (https://learn.microsoft.com/dotnet/fundamentals/code-analysis/quality-rules/ca2201) [C:\Users\matth\OneDrive - Simon Fraser University (1sfu)\attn\DeveloperMode\Scripts\jellyfin-plugin-letterboxd-sync\LetterboxdSync\LetterboxdSync.csproj]
C:\Users\matth\OneDrive - Simon Fraser University (1sfu)\attn\DeveloperMode\Scripts\jellyfin-plugin-letterboxd-sync\LetterboxdSync\LetterboxdApi.cs(359,35): warning CA1310: The behavior of 'string.StartsWith(string)' could vary based on the current user's locale settings. Replace this call in 'LetterboxdSync.LetterboxdApi.SearchFilmByTmdbId(int)' with a call to 'string.StartsWith(string, System.StringComparison)'. (https://learn.microsoft.com/dotnet/fundamentals/code-analysis/quality-rules/ca1310) [C:\Users\matth\OneDrive - Simon Fraser University (1sfu)\attn\DeveloperMode\Scripts\jellyfin-plugin-letterboxd-sync\LetterboxdSync\LetterboxdSync.csproj]
C:\Users\matth\OneDrive - Simon Fraser University (1sfu)\attn\DeveloperMode\Scripts\jellyfin-plugin-letterboxd-sync\LetterboxdSync\LetterboxdApi.cs(531,78): warning SA1503: Braces should not be omitted (https://github.com/DotNetAnalyzers/StyleCopAnalyzers/blob/master/documentation/SA1503.md) [C:\Users\matth\OneDrive - Simon Fraser University (1sfu)\attn\DeveloperMode\Scripts\jellyfin-plugin-letterboxd-sync\LetterboxdSync\LetterboxdSync.csproj]
C:\Users\matth\OneDrive - Simon Fraser University (1sfu)\attn\DeveloperMode\Scripts\jellyfin-plugin-letterboxd-sync\LetterboxdSync\LetterboxdApi.cs(538,73): warning SA1503: Braces should not be omitted (https://github.com/DotNetAnalyzers/StyleCopAnalyzers/blob/master/documentation/SA1503.md) [C:\Users\matth\OneDrive - Simon Fraser University (1sfu)\attn\DeveloperMode\Scripts\jellyfin-plugin-letterboxd-sync\LetterboxdSync\LetterboxdSync.csproj]
C:\Users\matth\OneDrive - Simon Fraser University (1sfu)\attn\DeveloperMode\Scripts\jellyfin-plugin-letterboxd-sync\LetterboxdSync\LetterboxdApi.cs(540,110): warning SA1503: Braces should not be omitted (https://github.com/DotNetAnalyzers/StyleCopAnalyzers/blob/master/documentation/SA1503.md) [C:\Users\matth\OneDrive - Simon Fraser University (1sfu)\attn\DeveloperMode\Scripts\jellyfin-plugin-letterboxd-sync\LetterboxdSync\LetterboxdSync.csproj]
C:\Users\matth\OneDrive - Simon Fraser University (1sfu)\attn\DeveloperMode\Scripts\jellyfin-plugin-letterboxd-sync\LetterboxdSync\LetterboxdApi.cs(531,84): warning CA2201: Exception type System.Exception is not sufficiently specific (https://learn.microsoft.com/dotnet/fundamentals/code-analysis/quality-rules/ca2201) [C:\Users\matth\OneDrive - Simon Fraser University (1sfu)\attn\DeveloperMode\Scripts\jellyfin-plugin-letterboxd-sync\LetterboxdSync\LetterboxdSync.csproj]
C:\Users\matth\OneDrive - Simon Fraser University (1sfu)\attn\DeveloperMode\Scripts\jellyfin-plugin-letterboxd-sync\LetterboxdSync\LetterboxdApi.cs(532,31): warning CA2201: Exception type System.Exception is not sufficiently specific (https://learn.microsoft.com/dotnet/fundamentals/code-analysis/quality-rules/ca2201) [C:\Users\matth\OneDrive - Simon Fraser University (1sfu)\attn\DeveloperMode\Scripts\jellyfin-plugin-letterboxd-sync\LetterboxdSync\LetterboxdSync.csproj]
C:\Users\matth\OneDrive - Simon Fraser University (1sfu)\attn\DeveloperMode\Scripts\jellyfin-plugin-letterboxd-sync\LetterboxdSync\LetterboxdApi.cs(541,31): warning CA2201: Exception type System.Exception is not sufficiently specific (https://learn.microsoft.com/dotnet/fundamentals/code-analysis/quality-rules/ca2201) [C:\Users\matth\OneDrive - Simon Fraser University (1sfu)\attn\DeveloperMode\Scripts\jellyfin-plugin-letterboxd-sync\LetterboxdSync\LetterboxdSync.csproj]
C:\Users\matth\OneDrive - Simon Fraser University (1sfu)\attn\DeveloperMode\Scripts\jellyfin-plugin-letterboxd-sync\LetterboxdSync\LetterboxdApi.cs(546,15): warning CA2201: Exception type System.Exception is not sufficiently specific (https://learn.microsoft.com/dotnet/fundamentals/code-analysis/quality-rules/ca2201) [C:\Users\matth\OneDrive - Simon Fraser University (1sfu)\attn\DeveloperMode\Scripts\jellyfin-plugin-letterboxd-sync\LetterboxdSync\LetterboxdSync.csproj]
C:\Users\matth\OneDrive - Simon Fraser University (1sfu)\attn\DeveloperMode\Scripts\jellyfin-plugin-letterboxd-sync\LetterboxdSync\LetterboxdApi.cs(581,25): warning SA1503: Braces should not be omitted (https://github.com/DotNetAnalyzers/StyleCopAnalyzers/blob/master/documentation/SA1503.md) [C:\Users\matth\OneDrive - Simon Fraser University (1sfu)\attn\DeveloperMode\Scripts\jellyfin-plugin-letterboxd-sync\LetterboxdSync\LetterboxdSync.csproj]
C:\Users\matth\OneDrive - Simon Fraser University (1sfu)\attn\DeveloperMode\Scripts\jellyfin-plugin-letterboxd-sync\LetterboxdSync\LetterboxdApi.cs(595,65): warning SA1503: Braces should not be omitted (https://github.com/DotNetAnalyzers/StyleCopAnalyzers/blob/master/documentation/SA1503.md) [C:\Users\matth\OneDrive - Simon Fraser University (1sfu)\attn\DeveloperMode\Scripts\jellyfin-plugin-letterboxd-sync\LetterboxdSync\LetterboxdSync.csproj]
C:\Users\matth\OneDrive - Simon Fraser University (1sfu)\attn\DeveloperMode\Scripts\jellyfin-plugin-letterboxd-sync\LetterboxdSync\LetterboxdApi.cs(601,66): warning SA1503: Braces should not be omitted (https://github.com/DotNetAnalyzers/StyleCopAnalyzers/blob/master/documentation/SA1503.md) [C:\Users\matth\OneDrive - Simon Fraser University (1sfu)\attn\DeveloperMode\Scripts\jellyfin-plugin-letterboxd-sync\LetterboxdSync\LetterboxdSync.csproj]
C:\Users\matth\OneDrive - Simon Fraser University (1sfu)\attn\DeveloperMode\Scripts\jellyfin-plugin-letterboxd-sync\LetterboxdSync\LetterboxdApi.cs(602,64): warning SA1503: Braces should not be omitted (https://github.com/DotNetAnalyzers/StyleCopAnalyzers/blob/master/documentation/SA1503.md) [C:\Users\matth\OneDrive - Simon Fraser University (1sfu)\attn\DeveloperMode\Scripts\jellyfin-plugin-letterboxd-sync\LetterboxdSync\LetterboxdSync.csproj]
C:\Users\matth\OneDrive - Simon Fraser University (1sfu)\attn\DeveloperMode\Scripts\jellyfin-plugin-letterboxd-sync\LetterboxdSync\LetterboxdApi.cs(16,14): warning CA1001: Type 'LetterboxdApi' owns disposable field(s) 'client', 'handler' but is not disposable (https://learn.microsoft.com/dotnet/fundamentals/code-analysis/quality-rules/ca1001) [C:\Users\matth\OneDrive - Simon Fraser University (1sfu)\attn\DeveloperMode\Scripts\jellyfin-plugin-letterboxd-sync\LetterboxdSync\LetterboxdSync.csproj]
C:\Users\matth\OneDrive - Simon Fraser University (1sfu)\attn\DeveloperMode\Scripts\jellyfin-plugin-letterboxd-sync\LetterboxdSync\LetterboxdApi.cs(118,18): warning CA5399: HttpClient is created without enabling CheckCertificateRevocationList (https://learn.microsoft.com/dotnet/fundamentals/code-analysis/quality-rules/ca5399) [C:\Users\matth\OneDrive - Simon Fraser University (1sfu)\attn\DeveloperMode\Scripts\jellyfin-plugin-letterboxd-sync\LetterboxdSync\LetterboxdSync.csproj]
CSC : warning SA0001: XML comment analysis is disabled due to project configuration (https://github.com/DotNetAnalyzers/StyleCopAnalyzers/blob/master/documentation/SA0001.md) [C:\Users\matth\OneDrive - Simon Fraser University (1sfu)\attn\DeveloperMode\Scripts\jellyfin-plugin-letterboxd-sync\LetterboxdSync\LetterboxdSync.csproj]

Build FAILED.

C:\Users\matth\OneDrive - Simon Fraser University (1sfu)\attn\DeveloperMode\Scripts\jellyfin-plugin-letterboxd-sync\LetterboxdSync\LetterboxdSyncTask.cs(77,28): warning CS8602: Dereference of a possibly null reference. [C:\Users\matth\OneDrive - Simon Fraser University (1sfu)\attn\DeveloperMode\Scripts\jellyfin-plugin-letterboxd-sync\LetterboxdSync\LetterboxdSync.csproj]
C:\Users\matth\OneDrive - Simon Fraser University (1sfu)\attn\DeveloperMode\Scripts\jellyfin-plugin-letterboxd-sync\LetterboxdSync\LetterboxdSyncTask.cs(85,40): warning CS8604: Possible null reference argument for parameter 'username' in 'Task LetterboxdApi.Authenticate(string username, string password)'. [C:\Users\matth\OneDrive - Simon Fraser University (1sfu)\attn\DeveloperMode\Scripts\jellyfin-plugin-letterboxd-sync\LetterboxdSync\LetterboxdSync.csproj]
C:\Users\matth\OneDrive - Simon Fraser University (1sfu)\attn\DeveloperMode\Scripts\jellyfin-plugin-letterboxd-sync\LetterboxdSync\LetterboxdSyncTask.cs(85,64): warning CS8604: Possible null reference argument for parameter 'password' in 'Task LetterboxdApi.Authenticate(string username, string password)'. [C:\Users\matth\OneDrive - Simon Fraser University (1sfu)\attn\DeveloperMode\Scripts\jellyfin-plugin-letterboxd-sync\LetterboxdSync\LetterboxdSync.csproj]
C:\Users\matth\OneDrive - Simon Fraser University (1sfu)\attn\DeveloperMode\Scripts\jellyfin-plugin-letterboxd-sync\LetterboxdSync\LetterboxdSyncTask.cs(106,41): warning CS8602: Dereference of a possibly null reference. [C:\Users\matth\OneDrive - Simon Fraser University (1sfu)\attn\DeveloperMode\Scripts\jellyfin-plugin-letterboxd-sync\LetterboxdSync\LetterboxdSync.csproj]
C:\Users\matth\OneDrive - Simon Fraser University (1sfu)\attn\DeveloperMode\Scripts\jellyfin-plugin-letterboxd-sync\LetterboxdSync\LetterboxdSyncTask.cs(125,37): warning CS8600: Converting null literal or possible null value to non-nullable type. [C:\Users\matth\OneDrive - Simon Fraser University (1sfu)\attn\DeveloperMode\Scripts\jellyfin-plugin-letterboxd-sync\LetterboxdSync\LetterboxdSync.csproj]
C:\Users\matth\OneDrive - Simon Fraser University (1sfu)\attn\DeveloperMode\Scripts\jellyfin-plugin-letterboxd-sync\LetterboxdSync\Configuration\PluginConfiguration.cs(8,26): warning CA2227: Change 'Accounts' to be read-only by removing the property setter (https://learn.microsoft.com/dotnet/fundamentals/code-analysis/quality-rules/ca2227) [C:\Users\matth\OneDrive - Simon Fraser University (1sfu)\attn\DeveloperMode\Scripts\jellyfin-plugin-letterboxd-sync\LetterboxdSync\LetterboxdSync.csproj]
C:\Users\matth\OneDrive - Simon Fraser University (1sfu)\attn\DeveloperMode\Scripts\jellyfin-plugin-letterboxd-sync\LetterboxdSync\Configuration\PluginConfiguration.cs(8,26): warning CA1002: Change 'List<Account>' in 'PluginConfiguration.Accounts' to use 'Collection<T>', 'ReadOnlyCollection<T>' or 'KeyedCollection<K,V>' (https://learn.microsoft.com/dotnet/fundamentals/code-analysis/quality-rules/ca1002) [C:\Users\matth\OneDrive - Simon Fraser University (1sfu)\attn\DeveloperMode\Scripts\jellyfin-plugin-letterboxd-sync\LetterboxdSync\LetterboxdSync.csproj]
C:\Users\matth\OneDrive - Simon Fraser University (1sfu)\attn\DeveloperMode\Scripts\jellyfin-plugin-letterboxd-sync\LetterboxdSync\API\LetterboxdSyncController.cs(28,9): warning SA1000: The keyword 'catch' should be followed by a space (https://github.com/DotNetAnalyzers/StyleCopAnalyzers/blob/master/documentation/SA1000.md) [C:\Users\matth\OneDrive - Simon Fraser University (1sfu)\attn\DeveloperMode\Scripts\jellyfin-plugin-letterboxd-sync\LetterboxdSync\LetterboxdSync.csproj]
C:\Users\matth\OneDrive - Simon Fraser University (1sfu)\attn\DeveloperMode\Scripts\jellyfin-plugin-letterboxd-sync\LetterboxdSync\API\LetterboxdSyncController.cs(13,1): warning SA1005: Single line comment should begin with a space (https://github.com/DotNetAnalyzers/StyleCopAnalyzers/blob/master/documentation/SA1005.md) [C:\Users\matth\OneDrive - Simon Fraser University (1sfu)\attn\DeveloperMode\Scripts\jellyfin-plugin-letterboxd-sync\LetterboxdSync\LetterboxdSync.csproj]
C:\Users\matth\OneDrive - Simon Fraser University (1sfu)\attn\DeveloperMode\Scripts\jellyfin-plugin-letterboxd-sync\LetterboxdSync\LetterboxdApi.cs(249,10): warning SA1513: Closing brace should be followed by blank line (https://github.com/DotNetAnalyzers/StyleCopAnalyzers/blob/master/documentation/SA1513.md) [C:\Users\matth\OneDrive - Simon Fraser University (1sfu)\attn\DeveloperMode\Scripts\jellyfin-plugin-letterboxd-sync\LetterboxdSync\LetterboxdSync.csproj]
C:\Users\matth\OneDrive - Simon Fraser University (1sfu)\attn\DeveloperMode\Scripts\jellyfin-plugin-letterboxd-sync\LetterboxdSync\LetterboxdApi.cs(309,26): warning SA1513: Closing brace should be followed by blank line (https://github.com/DotNetAnalyzers/StyleCopAnalyzers/blob/master/documentation/SA1513.md) [C:\Users\matth\OneDrive - Simon Fraser University (1sfu)\attn\DeveloperMode\Scripts\jellyfin-plugin-letterboxd-sync\LetterboxdSync\LetterboxdSync.csproj]
C:\Users\matth\OneDrive - Simon Fraser University (1sfu)\attn\DeveloperMode\Scripts\jellyfin-plugin-letterboxd-sync\LetterboxdSync\LetterboxdApi.cs(545,10): warning SA1513: Closing brace should be followed by blank line (https://github.com/DotNetAnalyzers/StyleCopAnalyzers/blob/master/documentation/SA1513.md) [C:\Users\matth\OneDrive - Simon Fraser University (1sfu)\attn\DeveloperMode\Scripts\jellyfin-plugin-letterboxd-sync\LetterboxdSync\LetterboxdSync.csproj]
C:\Users\matth\OneDrive - Simon Fraser University (1sfu)\attn\DeveloperMode\Scripts\jellyfin-plugin-letterboxd-sync\LetterboxdSync\LetterboxdApi.cs(603,10): warning SA1513: Closing brace should be followed by blank line (https://github.com/DotNetAnalyzers/StyleCopAnalyzers/blob/master/documentation/SA1513.md) [C:\Users\matth\OneDrive - Simon Fraser University (1sfu)\attn\DeveloperMode\Scripts\jellyfin-plugin-letterboxd-sync\LetterboxdSync\LetterboxdSync.csproj]
C:\Users\matth\OneDrive - Simon Fraser University (1sfu)\attn\DeveloperMode\Scripts\jellyfin-plugin-letterboxd-sync\LetterboxdSync\LetterboxdApi.cs(615,14): warning SA1402: File may only contain a single type (https://github.com/DotNetAnalyzers/StyleCopAnalyzers/blob/master/documentation/SA1402.md) [C:\Users\matth\OneDrive - Simon Fraser University (1sfu)\attn\DeveloperMode\Scripts\jellyfin-plugin-letterboxd-sync\LetterboxdSync\LetterboxdSync.csproj]
C:\Users\matth\OneDrive - Simon Fraser University (1sfu)\attn\DeveloperMode\Scripts\jellyfin-plugin-letterboxd-sync\LetterboxdSync\LetterboxdSyncTask.cs(11,1): warning SA1208: Using directive for 'System.Linq' should appear before directive for 'MediaBrowser.Controller.Entities' (https://github.com/DotNetAnalyzers/StyleCopAnalyzers/blob/master/documentation/SA1208.md) [C:\Users\matth\OneDrive - Simon Fraser University (1sfu)\attn\DeveloperMode\Scripts\jellyfin-plugin-letterboxd-sync\LetterboxdSync\LetterboxdSync.csproj]
C:\Users\matth\OneDrive - Simon Fraser University (1sfu)\attn\DeveloperMode\Scripts\jellyfin-plugin-letterboxd-sync\LetterboxdSync\LetterboxdSyncTask.cs(13,1): warning SA1208: Using directive for 'System.Globalization' should appear before directive for 'MediaBrowser.Controller.Entities' (https://github.com/DotNetAnalyzers/StyleCopAnalyzers/blob/master/documentation/SA1208.md) [C:\Users\matth\OneDrive - Simon Fraser University (1sfu)\attn\DeveloperMode\Scripts\jellyfin-plugin-letterboxd-sync\LetterboxdSync\LetterboxdSync.csproj]
C:\Users\matth\OneDrive - Simon Fraser University (1sfu)\attn\DeveloperMode\Scripts\jellyfin-plugin-letterboxd-sync\LetterboxdSync\LetterboxdSyncTask.cs(5,1): warning SA1210: Using directives should be ordered alphabetically by the namespaces (https://github.com/DotNetAnalyzers/StyleCopAnalyzers/blob/master/documentation/SA1210.md) [C:\Users\matth\OneDrive - Simon Fraser University (1sfu)\attn\DeveloperMode\Scripts\jellyfin-plugin-letterboxd-sync\LetterboxdSync\LetterboxdSync.csproj]
C:\Users\matth\OneDrive - Simon Fraser University (1sfu)\attn\DeveloperMode\Scripts\jellyfin-plugin-letterboxd-sync\LetterboxdSync\LetterboxdSyncTask.cs(7,1): warning SA1210: Using directives should be ordered alphabetically by the namespaces (https://github.com/DotNetAnalyzers/StyleCopAnalyzers/blob/master/documentation/SA1210.md) [C:\Users\matth\OneDrive - Simon Fraser University (1sfu)\attn\DeveloperMode\Scripts\jellyfin-plugin-letterboxd-sync\LetterboxdSync\LetterboxdSync.csproj]
C:\Users\matth\OneDrive - Simon Fraser University (1sfu)\attn\DeveloperMode\Scripts\jellyfin-plugin-letterboxd-sync\LetterboxdSync\LetterboxdSyncTask.cs(8,1): warning SA1210: Using directives should be ordered alphabetically by the namespaces (https://github.com/DotNetAnalyzers/StyleCopAnalyzers/blob/master/documentation/SA1210.md) [C:\Users\matth\OneDrive - Simon Fraser University (1sfu)\attn\DeveloperMode\Scripts\jellyfin-plugin-letterboxd-sync\LetterboxdSync\LetterboxdSync.csproj]
C:\Users\matth\OneDrive - Simon Fraser University (1sfu)\attn\DeveloperMode\Scripts\jellyfin-plugin-letterboxd-sync\LetterboxdSync\LetterboxdSyncTask.cs(4,1): warning SA1210: Using directives should be ordered alphabetically by the namespaces (https://github.com/DotNetAnalyzers/StyleCopAnalyzers/blob/master/documentation/SA1210.md) [C:\Users\matth\OneDrive - Simon Fraser University (1sfu)\attn\DeveloperMode\Scripts\jellyfin-plugin-letterboxd-sync\LetterboxdSync\LetterboxdSync.csproj]
C:\Users\matth\OneDrive - Simon Fraser University (1sfu)\attn\DeveloperMode\Scripts\jellyfin-plugin-letterboxd-sync\LetterboxdSync\LetterboxdSyncTask.cs(11,1): warning SA1210: Using directives should be ordered alphabetically by the namespaces (https://github.com/DotNetAnalyzers/StyleCopAnalyzers/blob/master/documentation/SA1210.md) [C:\Users\matth\OneDrive - Simon Fraser University (1sfu)\attn\DeveloperMode\Scripts\jellyfin-plugin-letterboxd-sync\LetterboxdSync\LetterboxdSync.csproj]
C:\Users\matth\OneDrive - Simon Fraser University (1sfu)\attn\DeveloperMode\Scripts\jellyfin-plugin-letterboxd-sync\LetterboxdSync\LetterboxdApi.cs(618,1): warning SA1516: Elements should be separated by blank line (https://github.com/DotNetAnalyzers/StyleCopAnalyzers/blob/master/documentation/SA1516.md) [C:\Users\matth\OneDrive - Simon Fraser University (1sfu)\attn\DeveloperMode\Scripts\jellyfin-plugin-letterboxd-sync\LetterboxdSync\LetterboxdSync.csproj]
C:\Users\matth\OneDrive - Simon Fraser University (1sfu)\attn\DeveloperMode\Scripts\jellyfin-plugin-letterboxd-sync\LetterboxdSync\LetterboxdApi.cs(620,12): warning SA1201: A constructor should not follow a property (https://github.com/DotNetAnalyzers/StyleCopAnalyzers/blob/master/documentation/SA1201.md) [C:\Users\matth\OneDrive - Simon Fraser University (1sfu)\attn\DeveloperMode\Scripts\jellyfin-plugin-letterboxd-sync\LetterboxdSync\LetterboxdSync.csproj]
C:\Users\matth\OneDrive - Simon Fraser University (1sfu)\attn\DeveloperMode\Scripts\jellyfin-plugin-letterboxd-sync\LetterboxdSync\LetterboxdApi.cs(617,19): warning SA1300: Element 'filmSlug' should begin with an uppercase letter (https://github.com/DotNetAnalyzers/StyleCopAnalyzers/blob/master/documentation/SA1300.md) [C:\Users\matth\OneDrive - Simon Fraser University (1sfu)\attn\DeveloperMode\Scripts\jellyfin-plugin-letterboxd-sync\LetterboxdSync\LetterboxdSync.csproj]
C:\Users\matth\OneDrive - Simon Fraser University (1sfu)\attn\DeveloperMode\Scripts\jellyfin-plugin-letterboxd-sync\LetterboxdSync\LetterboxdApi.cs(618,19): warning SA1300: Element 'filmId' should begin with an uppercase letter (https://github.com/DotNetAnalyzers/StyleCopAnalyzers/blob/master/documentation/SA1300.md) [C:\Users\matth\OneDrive - Simon Fraser University (1sfu)\attn\DeveloperMode\Scripts\jellyfin-plugin-letterboxd-sync\LetterboxdSync\LetterboxdSync.csproj]
C:\Users\matth\OneDrive - Simon Fraser University (1sfu)\attn\DeveloperMode\Scripts\jellyfin-plugin-letterboxd-sync\LetterboxdSync\LetterboxdApi.cs(23,38): warning SA1201: A field should not follow a property (https://github.com/DotNetAnalyzers/StyleCopAnalyzers/blob/master/documentation/SA1201.md) [C:\Users\matth\OneDrive - Simon Fraser University (1sfu)\attn\DeveloperMode\Scripts\jellyfin-plugin-letterboxd-sync\LetterboxdSync\LetterboxdSync.csproj]
C:\Users\matth\OneDrive - Simon Fraser University (1sfu)\attn\DeveloperMode\Scripts\jellyfin-plugin-letterboxd-sync\LetterboxdSync\LetterboxdApi.cs(109,12): warning SA1201: A constructor should not follow a method (https://github.com/DotNetAnalyzers/StyleCopAnalyzers/blob/master/documentation/SA1201.md) [C:\Users\matth\OneDrive - Simon Fraser University (1sfu)\attn\DeveloperMode\Scripts\jellyfin-plugin-letterboxd-sync\LetterboxdSync\LetterboxdSync.csproj]
C:\Users\matth\OneDrive - Simon Fraser University (1sfu)\attn\DeveloperMode\Scripts\jellyfin-plugin-letterboxd-sync\LetterboxdSync\LetterboxdApi.cs(105,13): warning SA1503: Braces should not be omitted (https://github.com/DotNetAnalyzers/StyleCopAnalyzers/blob/master/documentation/SA1503.md) [C:\Users\matth\OneDrive - Simon Fraser University (1sfu)\attn\DeveloperMode\Scripts\jellyfin-plugin-letterboxd-sync\LetterboxdSync\LetterboxdSync.csproj]
C:\Users\matth\OneDrive - Simon Fraser University (1sfu)\attn\DeveloperMode\Scripts\jellyfin-plugin-letterboxd-sync\LetterboxdSync\LetterboxdApi.cs(84,13): warning SA1503: Braces should not be omitted (https://github.com/DotNetAnalyzers/StyleCopAnalyzers/blob/master/documentation/SA1503.md) [C:\Users\matth\OneDrive - Simon Fraser University (1sfu)\attn\DeveloperMode\Scripts\jellyfin-plugin-letterboxd-sync\LetterboxdSync\LetterboxdSync.csproj]
C:\Users\matth\OneDrive - Simon Fraser University (1sfu)\attn\DeveloperMode\Scripts\jellyfin-plugin-letterboxd-sync\LetterboxdSync\LetterboxdApi.cs(100,23): warning SA1312: Variable '_' should begin with lower-case letter (https://github.com/DotNetAnalyzers/StyleCopAnalyzers/blob/master/documentation/SA1312.md) [C:\Users\matth\OneDrive - Simon Fraser University (1sfu)\attn\DeveloperMode\Scripts\jellyfin-plugin-letterboxd-sync\LetterboxdSync\LetterboxdSync.csproj]
C:\Users\matth\OneDrive - Simon Fraser University (1sfu)\attn\DeveloperMode\Scripts\jellyfin-plugin-letterboxd-sync\LetterboxdSync\LetterboxdApi.cs(37,45): warning SA1503: Braces should not be omitted (https://github.com/DotNetAnalyzers/StyleCopAnalyzers/blob/master/documentation/SA1503.md) [C:\Users\matth\OneDrive - Simon Fraser University (1sfu)\attn\DeveloperMode\Scripts\jellyfin-plugin-letterboxd-sync\LetterboxdSync\LetterboxdSync.csproj]
C:\Users\matth\OneDrive - Simon Fraser University (1sfu)\attn\DeveloperMode\Scripts\jellyfin-plugin-letterboxd-sync\LetterboxdSync\LetterboxdApi.cs(43,43): warning SA1503: Braces should not be omitted (https://github.com/DotNetAnalyzers/StyleCopAnalyzers/blob/master/documentation/SA1503.md) [C:\Users\matth\OneDrive - Simon Fraser University (1sfu)\attn\DeveloperMode\Scripts\jellyfin-plugin-letterboxd-sync\LetterboxdSync\LetterboxdSync.csproj]
C:\Users\matth\OneDrive - Simon Fraser University (1sfu)\attn\DeveloperMode\Scripts\jellyfin-plugin-letterboxd-sync\LetterboxdSync\LetterboxdApi.cs(45,26): warning SA1503: Braces should not be omitted (https://github.com/DotNetAnalyzers/StyleCopAnalyzers/blob/master/documentation/SA1503.md) [C:\Users\matth\OneDrive - Simon Fraser University (1sfu)\attn\DeveloperMode\Scripts\jellyfin-plugin-letterboxd-sync\LetterboxdSync\LetterboxdSync.csproj]
C:\Users\matth\OneDrive - Simon Fraser University (1sfu)\attn\DeveloperMode\Scripts\jellyfin-plugin-letterboxd-sync\LetterboxdSync\LetterboxdApi.cs(105,19): warning CA2201: Exception type System.Exception is not sufficiently specific (https://learn.microsoft.com/dotnet/fundamentals/code-analysis/quality-rules/ca2201) [C:\Users\matth\OneDrive - Simon Fraser University (1sfu)\attn\DeveloperMode\Scripts\jellyfin-plugin-letterboxd-sync\LetterboxdSync\LetterboxdSync.csproj]
C:\Users\matth\OneDrive - Simon Fraser University (1sfu)\attn\DeveloperMode\Scripts\jellyfin-plugin-letterboxd-sync\LetterboxdSync\LetterboxdApi.cs(167,43): warning SA1503: Braces should not be omitted (https://github.com/DotNetAnalyzers/StyleCopAnalyzers/blob/master/documentation/SA1503.md) [C:\Users\matth\OneDrive - Simon Fraser University (1sfu)\attn\DeveloperMode\Scripts\jellyfin-plugin-letterboxd-sync\LetterboxdSync\LetterboxdSync.csproj]
C:\Users\matth\OneDrive - Simon Fraser University (1sfu)\attn\DeveloperMode\Scripts\jellyfin-plugin-letterboxd-sync\LetterboxdSync\LetterboxdApi.cs(84,19): warning CA2201: Exception type System.Exception is not sufficiently specific (https://learn.microsoft.com/dotnet/fundamentals/code-analysis/quality-rules/ca2201) [C:\Users\matth\OneDrive - Simon Fraser University (1sfu)\attn\DeveloperMode\Scripts\jellyfin-plugin-letterboxd-sync\LetterboxdSync\LetterboxdSync.csproj]
C:\Users\matth\OneDrive - Simon Fraser University (1sfu)\attn\DeveloperMode\Scripts\jellyfin-plugin-letterboxd-sync\LetterboxdSync\LetterboxdApi.cs(216,53): warning SA1503: Braces should not be omitted (https://github.com/DotNetAnalyzers/StyleCopAnalyzers/blob/master/documentation/SA1503.md) [C:\Users\matth\OneDrive - Simon Fraser University (1sfu)\attn\DeveloperMode\Scripts\jellyfin-plugin-letterboxd-sync\LetterboxdSync\LetterboxdSync.csproj]
C:\Users\matth\OneDrive - Simon Fraser University (1sfu)\attn\DeveloperMode\Scripts\jellyfin-plugin-letterboxd-sync\LetterboxdSync\LetterboxdApi.cs(44,22): warning CA1307: 'string.IndexOf(char)' has a method overload that takes a 'StringComparison' parameter. Replace this call in 'LetterboxdSync.LetterboxdApi.SetRawCookies(string?)' with a call to 'string.IndexOf(char, System.StringComparison)' for clarity of intent. (https://learn.microsoft.com/dotnet/fundamentals/code-analysis/quality-rules/ca1307) [C:\Users\matth\OneDrive - Simon Fraser University (1sfu)\attn\DeveloperMode\Scripts\jellyfin-plugin-letterboxd-sync\LetterboxdSync\LetterboxdSync.csproj]
C:\Users\matth\OneDrive - Simon Fraser University (1sfu)\attn\DeveloperMode\Scripts\jellyfin-plugin-letterboxd-sync\LetterboxdSync\LetterboxdApi.cs(223,29): warning SA1503: Braces should not be omitted (https://github.com/DotNetAnalyzers/StyleCopAnalyzers/blob/master/documentation/SA1503.md) [C:\Users\matth\OneDrive - Simon Fraser University (1sfu)\attn\DeveloperMode\Scripts\jellyfin-plugin-letterboxd-sync\LetterboxdSync\LetterboxdSync.csproj]
C:\Users\matth\OneDrive - Simon Fraser University (1sfu)\attn\DeveloperMode\Scripts\jellyfin-plugin-letterboxd-sync\LetterboxdSync\LetterboxdApi.cs(229,44): warning SA1503: Braces should not be omitted (https://github.com/DotNetAnalyzers/StyleCopAnalyzers/blob/master/documentation/SA1503.md) [C:\Users\matth\OneDrive - Simon Fraser University (1sfu)\attn\DeveloperMode\Scripts\jellyfin-plugin-letterboxd-sync\LetterboxdSync\LetterboxdSync.csproj]
C:\Users\matth\OneDrive - Simon Fraser University (1sfu)\attn\DeveloperMode\Scripts\jellyfin-plugin-letterboxd-sync\LetterboxdSync\LetterboxdApi.cs(236,44): warning SA1503: Braces should not be omitted (https://github.com/DotNetAnalyzers/StyleCopAnalyzers/blob/master/documentation/SA1503.md) [C:\Users\matth\OneDrive - Simon Fraser University (1sfu)\attn\DeveloperMode\Scripts\jellyfin-plugin-letterboxd-sync\LetterboxdSync\LetterboxdSync.csproj]
C:\Users\matth\OneDrive - Simon Fraser University (1sfu)\attn\DeveloperMode\Scripts\jellyfin-plugin-letterboxd-sync\LetterboxdSync\LetterboxdApi.cs(285,44): warning SA1503: Braces should not be omitted (https://github.com/DotNetAnalyzers/StyleCopAnalyzers/blob/master/documentation/SA1503.md) [C:\Users\matth\OneDrive - Simon Fraser University (1sfu)\attn\DeveloperMode\Scripts\jellyfin-plugin-letterboxd-sync\LetterboxdSync\LetterboxdSync.csproj]
C:\Users\matth\OneDrive - Simon Fraser University (1sfu)\attn\DeveloperMode\Scripts\jellyfin-plugin-letterboxd-sync\LetterboxdSync\LetterboxdApi.cs(292,44): warning SA1503: Braces should not be omitted (https://github.com/DotNetAnalyzers/StyleCopAnalyzers/blob/master/documentation/SA1503.md) [C:\Users\matth\OneDrive - Simon Fraser University (1sfu)\attn\DeveloperMode\Scripts\jellyfin-plugin-letterboxd-sync\LetterboxdSync\LetterboxdSync.csproj]
C:\Users\matth\OneDrive - Simon Fraser University (1sfu)\attn\DeveloperMode\Scripts\jellyfin-plugin-letterboxd-sync\LetterboxdSync\LetterboxdApi.cs(307,33): warning SA1503: Braces should not be omitted (https://github.com/DotNetAnalyzers/StyleCopAnalyzers/blob/master/documentation/SA1503.md) [C:\Users\matth\OneDrive - Simon Fraser University (1sfu)\attn\DeveloperMode\Scripts\jellyfin-plugin-letterboxd-sync\LetterboxdSync\LetterboxdSync.csproj]
C:\Users\matth\OneDrive - Simon Fraser University (1sfu)\attn\DeveloperMode\Scripts\jellyfin-plugin-letterboxd-sync\LetterboxdSync\LetterboxdApi.cs(250,20): warning SA1024: Colon should be followed by a space (https://github.com/DotNetAnalyzers/StyleCopAnalyzers/blob/master/documentation/SA1024.md) [C:\Users\matth\OneDrive - Simon Fraser University (1sfu)\attn\DeveloperMode\Scripts\jellyfin-plugin-letterboxd-sync\LetterboxdSync\LetterboxdSync.csproj]
C:\Users\matth\OneDrive - Simon Fraser University (1sfu)\attn\DeveloperMode\Scripts\jellyfin-plugin-letterboxd-sync\LetterboxdSync\LetterboxdApi.cs(208,35): warning SA1312: Variable '_' should begin with lower-case letter (https://github.com/DotNetAnalyzers/StyleCopAnalyzers/blob/master/documentation/SA1312.md) [C:\Users\matth\OneDrive - Simon Fraser University (1sfu)\attn\DeveloperMode\Scripts\jellyfin-plugin-letterboxd-sync\LetterboxdSync\LetterboxdSync.csproj]
C:\Users\matth\OneDrive - Simon Fraser University (1sfu)\attn\DeveloperMode\Scripts\jellyfin-plugin-letterboxd-sync\LetterboxdSync\LetterboxdApi.cs(250,21): warning SA1106: Code should not contain empty statements (https://github.com/DotNetAnalyzers/StyleCopAnalyzers/blob/master/documentation/SA1106.md) [C:\Users\matth\OneDrive - Simon Fraser University (1sfu)\attn\DeveloperMode\Scripts\jellyfin-plugin-letterboxd-sync\LetterboxdSync\LetterboxdSync.csproj]
C:\Users\matth\OneDrive - Simon Fraser University (1sfu)\attn\DeveloperMode\Scripts\jellyfin-plugin-letterboxd-sync\LetterboxdSync\LetterboxdSyncTask.cs(58,17): warning SA1503: Braces should not be omitted (https://github.com/DotNetAnalyzers/StyleCopAnalyzers/blob/master/documentation/SA1503.md) [C:\Users\matth\OneDrive - Simon Fraser University (1sfu)\attn\DeveloperMode\Scripts\jellyfin-plugin-letterboxd-sync\LetterboxdSync\LetterboxdSync.csproj]
C:\Users\matth\OneDrive - Simon Fraser University (1sfu)\attn\DeveloperMode\Scripts\jellyfin-plugin-letterboxd-sync\LetterboxdSync\LetterboxdSyncTask.cs(68,17): warning SA1503: Braces should not be omitted (https://github.com/DotNetAnalyzers/StyleCopAnalyzers/blob/master/documentation/SA1503.md) [C:\Users\matth\OneDrive - Simon Fraser University (1sfu)\attn\DeveloperMode\Scripts\jellyfin-plugin-letterboxd-sync\LetterboxdSync\LetterboxdSync.csproj]
C:\Users\matth\OneDrive - Simon Fraser University (1sfu)\attn\DeveloperMode\Scripts\jellyfin-plugin-letterboxd-sync\LetterboxdSync\LetterboxdSyncTask.cs(100,64): warning SA1503: Braces should not be omitted (https://github.com/DotNetAnalyzers/StyleCopAnalyzers/blob/master/documentation/SA1503.md) [C:\Users\matth\OneDrive - Simon Fraser University (1sfu)\attn\DeveloperMode\Scripts\jellyfin-plugin-letterboxd-sync\LetterboxdSync\LetterboxdSync.csproj]
C:\Users\matth\OneDrive - Simon Fraser University (1sfu)\attn\DeveloperMode\Scripts\jellyfin-plugin-letterboxd-sync\LetterboxdSync\LetterboxdSyncTask.cs(93,36): warning SA1117: The parameters should all be placed on the same line or each parameter should be placed on its own line (https://github.com/DotNetAnalyzers/StyleCopAnalyzers/blob/master/documentation/SA1117.md) [C:\Users\matth\OneDrive - Simon Fraser University (1sfu)\attn\DeveloperMode\Scripts\jellyfin-plugin-letterboxd-sync\LetterboxdSync\LetterboxdSync.csproj]
C:\Users\matth\OneDrive - Simon Fraser University (1sfu)\attn\DeveloperMode\Scripts\jellyfin-plugin-letterboxd-sync\LetterboxdSync\LetterboxdSyncTask.cs(163,48): warning SA1117: The parameters should all be placed on the same line or each parameter should be placed on its own line (https://github.com/DotNetAnalyzers/StyleCopAnalyzers/blob/master/documentation/SA1117.md) [C:\Users\matth\OneDrive - Simon Fraser University (1sfu)\attn\DeveloperMode\Scripts\jellyfin-plugin-letterboxd-sync\LetterboxdSync\LetterboxdSync.csproj]
C:\Users\matth\OneDrive - Simon Fraser University (1sfu)\attn\DeveloperMode\Scripts\jellyfin-plugin-letterboxd-sync\LetterboxdSync\LetterboxdSyncTask.cs(177,48): warning SA1117: The parameters should all be placed on the same line or each parameter should be placed on its own line (https://github.com/DotNetAnalyzers/StyleCopAnalyzers/blob/master/documentation/SA1117.md) [C:\Users\matth\OneDrive - Simon Fraser University (1sfu)\attn\DeveloperMode\Scripts\jellyfin-plugin-letterboxd-sync\LetterboxdSync\LetterboxdSync.csproj]
C:\Users\matth\OneDrive - Simon Fraser University (1sfu)\attn\DeveloperMode\Scripts\jellyfin-plugin-letterboxd-sync\LetterboxdSync\LetterboxdSyncTask.cs(185,36): warning SA1117: The parameters should all be placed on the same line or each parameter should be placed on its own line (https://github.com/DotNetAnalyzers/StyleCopAnalyzers/blob/master/documentation/SA1117.md) [C:\Users\matth\OneDrive - Simon Fraser University (1sfu)\attn\DeveloperMode\Scripts\jellyfin-plugin-letterboxd-sync\LetterboxdSync\LetterboxdSync.csproj]
C:\Users\matth\OneDrive - Simon Fraser University (1sfu)\attn\DeveloperMode\Scripts\jellyfin-plugin-letterboxd-sync\LetterboxdSync\LetterboxdApi.cs(277,41): warning SA1122: Use string.Empty for empty strings (https://github.com/DotNetAnalyzers/StyleCopAnalyzers/blob/master/documentation/SA1122.md) [C:\Users\matth\OneDrive - Simon Fraser University (1sfu)\attn\DeveloperMode\Scripts\jellyfin-plugin-letterboxd-sync\LetterboxdSync\LetterboxdSync.csproj]
C:\Users\matth\OneDrive - Simon Fraser University (1sfu)\attn\DeveloperMode\Scripts\jellyfin-plugin-letterboxd-sync\LetterboxdSync\LetterboxdSyncTask.cs(48,1): warning SA1507: Code should not contain multiple blank lines in a row (https://github.com/DotNetAnalyzers/StyleCopAnalyzers/blob/master/documentation/SA1507.md) [C:\Users\matth\OneDrive - Simon Fraser University (1sfu)\attn\DeveloperMode\Scripts\jellyfin-plugin-letterboxd-sync\LetterboxdSync\LetterboxdSync.csproj]
C:\Users\matth\OneDrive - Simon Fraser University (1sfu)\attn\DeveloperMode\Scripts\jellyfin-plugin-letterboxd-sync\LetterboxdSync\LetterboxdApi.cs(217,35): warning CA2201: Exception type System.Exception is not sufficiently specific (https://learn.microsoft.com/dotnet/fundamentals/code-analysis/quality-rules/ca2201) [C:\Users\matth\OneDrive - Simon Fraser University (1sfu)\attn\DeveloperMode\Scripts\jellyfin-plugin-letterboxd-sync\LetterboxdSync\LetterboxdSync.csproj]
C:\Users\matth\OneDrive - Simon Fraser University (1sfu)\attn\DeveloperMode\Scripts\jellyfin-plugin-letterboxd-sync\LetterboxdSync\LetterboxdApi.cs(223,35): warning CA2201: Exception type System.Exception is not sufficiently specific (https://learn.microsoft.com/dotnet/fundamentals/code-analysis/quality-rules/ca2201) [C:\Users\matth\OneDrive - Simon Fraser University (1sfu)\attn\DeveloperMode\Scripts\jellyfin-plugin-letterboxd-sync\LetterboxdSync\LetterboxdSync.csproj]
C:\Users\matth\OneDrive - Simon Fraser University (1sfu)\attn\DeveloperMode\Scripts\jellyfin-plugin-letterboxd-sync\LetterboxdSync\LetterboxdApi.cs(230,27): warning CA2201: Exception type System.Exception is not sufficiently specific (https://learn.microsoft.com/dotnet/fundamentals/code-analysis/quality-rules/ca2201) [C:\Users\matth\OneDrive - Simon Fraser University (1sfu)\attn\DeveloperMode\Scripts\jellyfin-plugin-letterboxd-sync\LetterboxdSync\LetterboxdSync.csproj]
C:\Users\matth\OneDrive - Simon Fraser University (1sfu)\attn\DeveloperMode\Scripts\jellyfin-plugin-letterboxd-sync\LetterboxdSync\LetterboxdApi.cs(237,27): warning CA2201: Exception type System.Exception is not sufficiently specific (https://learn.microsoft.com/dotnet/fundamentals/code-analysis/quality-rules/ca2201) [C:\Users\matth\OneDrive - Simon Fraser University (1sfu)\attn\DeveloperMode\Scripts\jellyfin-plugin-letterboxd-sync\LetterboxdSync\LetterboxdSync.csproj]
C:\Users\matth\OneDrive - Simon Fraser University (1sfu)\attn\DeveloperMode\Scripts\jellyfin-plugin-letterboxd-sync\LetterboxdSync\LetterboxdApi.cs(244,27): warning CA2201: Exception type System.Exception is not sufficiently specific (https://learn.microsoft.com/dotnet/fundamentals/code-analysis/quality-rules/ca2201) [C:\Users\matth\OneDrive - Simon Fraser University (1sfu)\attn\DeveloperMode\Scripts\jellyfin-plugin-letterboxd-sync\LetterboxdSync\LetterboxdSync.csproj]
C:\Users\matth\OneDrive - Simon Fraser University (1sfu)\attn\DeveloperMode\Scripts\jellyfin-plugin-letterboxd-sync\LetterboxdSync\LetterboxdApi.cs(286,27): warning CA2201: Exception type System.Exception is not sufficiently specific (https://learn.microsoft.com/dotnet/fundamentals/code-analysis/quality-rules/ca2201) [C:\Users\matth\OneDrive - Simon Fraser University (1sfu)\attn\DeveloperMode\Scripts\jellyfin-plugin-letterboxd-sync\LetterboxdSync\LetterboxdSync.csproj]
C:\Users\matth\OneDrive - Simon Fraser University (1sfu)\attn\DeveloperMode\Scripts\jellyfin-plugin-letterboxd-sync\LetterboxdSync\LetterboxdApi.cs(293,27): warning CA2201: Exception type System.Exception is not sufficiently specific (https://learn.microsoft.com/dotnet/fundamentals/code-analysis/quality-rules/ca2201) [C:\Users\matth\OneDrive - Simon Fraser University (1sfu)\attn\DeveloperMode\Scripts\jellyfin-plugin-letterboxd-sync\LetterboxdSync\LetterboxdSync.csproj]
C:\Users\matth\OneDrive - Simon Fraser University (1sfu)\attn\DeveloperMode\Scripts\jellyfin-plugin-letterboxd-sync\LetterboxdSync\LetterboxdApi.cs(310,31): warning CA2201: Exception type System.Exception is not sufficiently specific (https://learn.microsoft.com/dotnet/fundamentals/code-analysis/quality-rules/ca2201) [C:\Users\matth\OneDrive - Simon Fraser University (1sfu)\attn\DeveloperMode\Scripts\jellyfin-plugin-letterboxd-sync\LetterboxdSync\LetterboxdSync.csproj]
C:\Users\matth\OneDrive - Simon Fraser University (1sfu)\attn\DeveloperMode\Scripts\jellyfin-plugin-letterboxd-sync\LetterboxdSync\LetterboxdApi.cs(334,44): warning SA1503: Braces should not be omitted (https://github.com/DotNetAnalyzers/StyleCopAnalyzers/blob/master/documentation/SA1503.md) [C:\Users\matth\OneDrive - Simon Fraser University (1sfu)\attn\DeveloperMode\Scripts\jellyfin-plugin-letterboxd-sync\LetterboxdSync\LetterboxdSync.csproj]
C:\Users\matth\OneDrive - Simon Fraser University (1sfu)\attn\DeveloperMode\Scripts\jellyfin-plugin-letterboxd-sync\LetterboxdSync\LetterboxdApi.cs(341,44): warning SA1503: Braces should not be omitted (https://github.com/DotNetAnalyzers/StyleCopAnalyzers/blob/master/documentation/SA1503.md) [C:\Users\matth\OneDrive - Simon Fraser University (1sfu)\attn\DeveloperMode\Scripts\jellyfin-plugin-letterboxd-sync\LetterboxdSync\LetterboxdSync.csproj]
C:\Users\matth\OneDrive - Simon Fraser University (1sfu)\attn\DeveloperMode\Scripts\jellyfin-plugin-letterboxd-sync\LetterboxdSync\LetterboxdApi.cs(359,25): warning SA1503: Braces should not be omitted (https://github.com/DotNetAnalyzers/StyleCopAnalyzers/blob/master/documentation/SA1503.md) [C:\Users\matth\OneDrive - Simon Fraser University (1sfu)\attn\DeveloperMode\Scripts\jellyfin-plugin-letterboxd-sync\LetterboxdSync\LetterboxdSync.csproj]
C:\Users\matth\OneDrive - Simon Fraser University (1sfu)\attn\DeveloperMode\Scripts\jellyfin-plugin-letterboxd-sync\LetterboxdSync\LetterboxdApi.cs(372,21): warning SA1503: Braces should not be omitted (https://github.com/DotNetAnalyzers/StyleCopAnalyzers/blob/master/documentation/SA1503.md) [C:\Users\matth\OneDrive - Simon Fraser University (1sfu)\attn\DeveloperMode\Scripts\jellyfin-plugin-letterboxd-sync\LetterboxdSync\LetterboxdSync.csproj]
C:\Users\matth\OneDrive - Simon Fraser University (1sfu)\attn\DeveloperMode\Scripts\jellyfin-plugin-letterboxd-sync\LetterboxdSync\LetterboxdApi.cs(384,52): warning SA1503: Braces should not be omitted (https://github.com/DotNetAnalyzers/StyleCopAnalyzers/blob/master/documentation/SA1503.md) [C:\Users\matth\OneDrive - Simon Fraser University (1sfu)\attn\DeveloperMode\Scripts\jellyfin-plugin-letterboxd-sync\LetterboxdSync\LetterboxdSync.csproj]
C:\Users\matth\OneDrive - Simon Fraser University (1sfu)\attn\DeveloperMode\Scripts\jellyfin-plugin-letterboxd-sync\LetterboxdSync\LetterboxdApi.cs(398,29): warning SA1503: Braces should not be omitted (https://github.com/DotNetAnalyzers/StyleCopAnalyzers/blob/master/documentation/SA1503.md) [C:\Users\matth\OneDrive - Simon Fraser University (1sfu)\attn\DeveloperMode\Scripts\jellyfin-plugin-letterboxd-sync\LetterboxdSync\LetterboxdSync.csproj]
C:\Users\matth\OneDrive - Simon Fraser University (1sfu)\attn\DeveloperMode\Scripts\jellyfin-plugin-letterboxd-sync\LetterboxdSync\LetterboxdApi.cs(403,29): warning SA1503: Braces should not be omitted (https://github.com/DotNetAnalyzers/StyleCopAnalyzers/blob/master/documentation/SA1503.md) [C:\Users\matth\OneDrive - Simon Fraser University (1sfu)\attn\DeveloperMode\Scripts\jellyfin-plugin-letterboxd-sync\LetterboxdSync\LetterboxdSync.csproj]
C:\Users\matth\OneDrive - Simon Fraser University (1sfu)\attn\DeveloperMode\Scripts\jellyfin-plugin-letterboxd-sync\LetterboxdSync\LetterboxdApi.cs(427,44): warning SA1503: Braces should not be omitted (https://github.com/DotNetAnalyzers/StyleCopAnalyzers/blob/master/documentation/SA1503.md) [C:\Users\matth\OneDrive - Simon Fraser University (1sfu)\attn\DeveloperMode\Scripts\jellyfin-plugin-letterboxd-sync\LetterboxdSync\LetterboxdSync.csproj]
C:\Users\matth\OneDrive - Simon Fraser University (1sfu)\attn\DeveloperMode\Scripts\jellyfin-plugin-letterboxd-sync\LetterboxdSync\LetterboxdApi.cs(445,25): warning SA1503: Braces should not be omitted (https://github.com/DotNetAnalyzers/StyleCopAnalyzers/blob/master/documentation/SA1503.md) [C:\Users\matth\OneDrive - Simon Fraser University (1sfu)\attn\DeveloperMode\Scripts\jellyfin-plugin-letterboxd-sync\LetterboxdSync\LetterboxdSync.csproj]
C:\Users\matth\OneDrive - Simon Fraser University (1sfu)\attn\DeveloperMode\Scripts\jellyfin-plugin-letterboxd-sync\LetterboxdSync\LetterboxdApi.cs(449,21): warning SA1503: Braces should not be omitted (https://github.com/DotNetAnalyzers/StyleCopAnalyzers/blob/master/documentation/SA1503.md) [C:\Users\matth\OneDrive - Simon Fraser University (1sfu)\attn\DeveloperMode\Scripts\jellyfin-plugin-letterboxd-sync\LetterboxdSync\LetterboxdSync.csproj]
C:\Users\matth\OneDrive - Simon Fraser University (1sfu)\attn\DeveloperMode\Scripts\jellyfin-plugin-letterboxd-sync\LetterboxdSync\LetterboxdApi.cs(455,21): warning SA1503: Braces should not be omitted (https://github.com/DotNetAnalyzers/StyleCopAnalyzers/blob/master/documentation/SA1503.md) [C:\Users\matth\OneDrive - Simon Fraser University (1sfu)\attn\DeveloperMode\Scripts\jellyfin-plugin-letterboxd-sync\LetterboxdSync\LetterboxdSync.csproj]
C:\Users\matth\OneDrive - Simon Fraser University (1sfu)\attn\DeveloperMode\Scripts\jellyfin-plugin-letterboxd-sync\LetterboxdSync\LetterboxdApi.cs(473,21): warning SA1503: Braces should not be omitted (https://github.com/DotNetAnalyzers/StyleCopAnalyzers/blob/master/documentation/SA1503.md) [C:\Users\matth\OneDrive - Simon Fraser University (1sfu)\attn\DeveloperMode\Scripts\jellyfin-plugin-letterboxd-sync\LetterboxdSync\LetterboxdSync.csproj]
C:\Users\matth\OneDrive - Simon Fraser University (1sfu)\attn\DeveloperMode\Scripts\jellyfin-plugin-letterboxd-sync\LetterboxdSync\LetterboxdApi.cs(480,38): warning SA1503: Braces should not be omitted (https://github.com/DotNetAnalyzers/StyleCopAnalyzers/blob/master/documentation/SA1503.md) [C:\Users\matth\OneDrive - Simon Fraser University (1sfu)\attn\DeveloperMode\Scripts\jellyfin-plugin-letterboxd-sync\LetterboxdSync\LetterboxdSync.csproj]
C:\Users\matth\OneDrive - Simon Fraser University (1sfu)\attn\DeveloperMode\Scripts\jellyfin-plugin-letterboxd-sync\LetterboxdSync\LetterboxdApi.cs(359,50): warning CA1866: Use 'string.StartsWith(char)' instead of 'string.StartsWith(string)' when you have a string with a single char (https://learn.microsoft.com/dotnet/fundamentals/code-analysis/quality-rules/ca1866) [C:\Users\matth\OneDrive - Simon Fraser University (1sfu)\attn\DeveloperMode\Scripts\jellyfin-plugin-letterboxd-sync\LetterboxdSync\LetterboxdSync.csproj]
C:\Users\matth\OneDrive - Simon Fraser University (1sfu)\attn\DeveloperMode\Scripts\jellyfin-plugin-letterboxd-sync\LetterboxdSync\LetterboxdApi.cs(445,50): warning CA1866: Use 'string.StartsWith(char)' instead of 'string.StartsWith(string)' when you have a string with a single char (https://learn.microsoft.com/dotnet/fundamentals/code-analysis/quality-rules/ca1866) [C:\Users\matth\OneDrive - Simon Fraser University (1sfu)\attn\DeveloperMode\Scripts\jellyfin-plugin-letterboxd-sync\LetterboxdSync\LetterboxdSync.csproj]
C:\Users\matth\OneDrive - Simon Fraser University (1sfu)\attn\DeveloperMode\Scripts\jellyfin-plugin-letterboxd-sync\LetterboxdSync\LetterboxdApi.cs(473,27): warning CA2201: Exception type System.Exception is not sufficiently specific (https://learn.microsoft.com/dotnet/fundamentals/code-analysis/quality-rules/ca2201) [C:\Users\matth\OneDrive - Simon Fraser University (1sfu)\attn\DeveloperMode\Scripts\jellyfin-plugin-letterboxd-sync\LetterboxdSync\LetterboxdSync.csproj]
C:\Users\matth\OneDrive - Simon Fraser University (1sfu)\attn\DeveloperMode\Scripts\jellyfin-plugin-letterboxd-sync\LetterboxdSync\LetterboxdApi.cs(480,44): warning CA2201: Exception type System.Exception is not sufficiently specific (https://learn.microsoft.com/dotnet/fundamentals/code-analysis/quality-rules/ca2201) [C:\Users\matth\OneDrive - Simon Fraser University (1sfu)\attn\DeveloperMode\Scripts\jellyfin-plugin-letterboxd-sync\LetterboxdSync\LetterboxdSync.csproj]
C:\Users\matth\OneDrive - Simon Fraser University (1sfu)\attn\DeveloperMode\Scripts\jellyfin-plugin-letterboxd-sync\LetterboxdSync\LetterboxdApi.cs(428,27): warning CA2201: Exception type System.Exception is not sufficiently specific (https://learn.microsoft.com/dotnet/fundamentals/code-analysis/quality-rules/ca2201) [C:\Users\matth\OneDrive - Simon Fraser University (1sfu)\attn\DeveloperMode\Scripts\jellyfin-plugin-letterboxd-sync\LetterboxdSync\LetterboxdSync.csproj]
C:\Users\matth\OneDrive - Simon Fraser University (1sfu)\attn\DeveloperMode\Scripts\jellyfin-plugin-letterboxd-sync\LetterboxdSync\LetterboxdApi.cs(449,27): warning CA2201: Exception type System.Exception is not sufficiently specific (https://learn.microsoft.com/dotnet/fundamentals/code-analysis/quality-rules/ca2201) [C:\Users\matth\OneDrive - Simon Fraser University (1sfu)\attn\DeveloperMode\Scripts\jellyfin-plugin-letterboxd-sync\LetterboxdSync\LetterboxdSync.csproj]
C:\Users\matth\OneDrive - Simon Fraser University (1sfu)\attn\DeveloperMode\Scripts\jellyfin-plugin-letterboxd-sync\LetterboxdSync\LetterboxdApi.cs(455,27): warning CA2201: Exception type System.Exception is not sufficiently specific (https://learn.microsoft.com/dotnet/fundamentals/code-analysis/quality-rules/ca2201) [C:\Users\matth\OneDrive - Simon Fraser University (1sfu)\attn\DeveloperMode\Scripts\jellyfin-plugin-letterboxd-sync\LetterboxdSync\LetterboxdSync.csproj]
C:\Users\matth\OneDrive - Simon Fraser University (1sfu)\attn\DeveloperMode\Scripts\jellyfin-plugin-letterboxd-sync\LetterboxdSync\LetterboxdApi.cs(445,35): warning CA1310: The behavior of 'string.StartsWith(string)' could vary based on the current user's locale settings. Replace this call in 'LetterboxdSync.LetterboxdApi.SearchFilmByImdbId(string)' with a call to 'string.StartsWith(string, System.StringComparison)'. (https://learn.microsoft.com/dotnet/fundamentals/code-analysis/quality-rules/ca1310) [C:\Users\matth\OneDrive - Simon Fraser University (1sfu)\attn\DeveloperMode\Scripts\jellyfin-plugin-letterboxd-sync\LetterboxdSync\LetterboxdSync.csproj]
C:\Users\matth\OneDrive - Simon Fraser University (1sfu)\attn\DeveloperMode\Scripts\jellyfin-plugin-letterboxd-sync\LetterboxdSync\LetterboxdApi.cs(335,27): warning CA2201: Exception type System.Exception is not sufficiently specific (https://learn.microsoft.com/dotnet/fundamentals/code-analysis/quality-rules/ca2201) [C:\Users\matth\OneDrive - Simon Fraser University (1sfu)\attn\DeveloperMode\Scripts\jellyfin-plugin-letterboxd-sync\LetterboxdSync\LetterboxdSync.csproj]
C:\Users\matth\OneDrive - Simon Fraser University (1sfu)\attn\DeveloperMode\Scripts\jellyfin-plugin-letterboxd-sync\LetterboxdSync\LetterboxdApi.cs(342,27): warning CA2201: Exception type System.Exception is not sufficiently specific (https://learn.microsoft.com/dotnet/fundamentals/code-analysis/quality-rules/ca2201) [C:\Users\matth\OneDrive - Simon Fraser University (1sfu)\attn\DeveloperMode\Scripts\jellyfin-plugin-letterboxd-sync\LetterboxdSync\LetterboxdSync.csproj]
C:\Users\matth\OneDrive - Simon Fraser University (1sfu)\attn\DeveloperMode\Scripts\jellyfin-plugin-letterboxd-sync\LetterboxdSync\LetterboxdApi.cs(365,27): warning CA2201: Exception type System.Exception is not sufficiently specific (https://learn.microsoft.com/dotnet/fundamentals/code-analysis/quality-rules/ca2201) [C:\Users\matth\OneDrive - Simon Fraser University (1sfu)\attn\DeveloperMode\Scripts\jellyfin-plugin-letterboxd-sync\LetterboxdSync\LetterboxdSync.csproj]
C:\Users\matth\OneDrive - Simon Fraser University (1sfu)\attn\DeveloperMode\Scripts\jellyfin-plugin-letterboxd-sync\LetterboxdSync\LetterboxdApi.cs(372,27): warning CA2201: Exception type System.Exception is not sufficiently specific (https://learn.microsoft.com/dotnet/fundamentals/code-analysis/quality-rules/ca2201) [C:\Users\matth\OneDrive - Simon Fraser University (1sfu)\attn\DeveloperMode\Scripts\jellyfin-plugin-letterboxd-sync\LetterboxdSync\LetterboxdSync.csproj]
C:\Users\matth\OneDrive - Simon Fraser University (1sfu)\attn\DeveloperMode\Scripts\jellyfin-plugin-letterboxd-sync\LetterboxdSync\LetterboxdApi.cs(385,35): warning CA2201: Exception type System.Exception is not sufficiently specific (https://learn.microsoft.com/dotnet/fundamentals/code-analysis/quality-rules/ca2201) [C:\Users\matth\OneDrive - Simon Fraser University (1sfu)\attn\DeveloperMode\Scripts\jellyfin-plugin-letterboxd-sync\LetterboxdSync\LetterboxdSync.csproj]
C:\Users\matth\OneDrive - Simon Fraser University (1sfu)\attn\DeveloperMode\Scripts\jellyfin-plugin-letterboxd-sync\LetterboxdSync\LetterboxdApi.cs(398,35): warning CA2201: Exception type System.Exception is not sufficiently specific (https://learn.microsoft.com/dotnet/fundamentals/code-analysis/quality-rules/ca2201) [C:\Users\matth\OneDrive - Simon Fraser University (1sfu)\attn\DeveloperMode\Scripts\jellyfin-plugin-letterboxd-sync\LetterboxdSync\LetterboxdSync.csproj]
C:\Users\matth\OneDrive - Simon Fraser University (1sfu)\attn\DeveloperMode\Scripts\jellyfin-plugin-letterboxd-sync\LetterboxdSync\LetterboxdApi.cs(403,35): warning CA2201: Exception type System.Exception is not sufficiently specific (https://learn.microsoft.com/dotnet/fundamentals/code-analysis/quality-rules/ca2201) [C:\Users\matth\OneDrive - Simon Fraser University (1sfu)\attn\DeveloperMode\Scripts\jellyfin-plugin-letterboxd-sync\LetterboxdSync\LetterboxdSync.csproj]
C:\Users\matth\OneDrive - Simon Fraser University (1sfu)\attn\DeveloperMode\Scripts\jellyfin-plugin-letterboxd-sync\LetterboxdSync\LetterboxdApi.cs(359,35): warning CA1310: The behavior of 'string.StartsWith(string)' could vary based on the current user's locale settings. Replace this call in 'LetterboxdSync.LetterboxdApi.SearchFilmByTmdbId(int)' with a call to 'string.StartsWith(string, System.StringComparison)'. (https://learn.microsoft.com/dotnet/fundamentals/code-analysis/quality-rules/ca1310) [C:\Users\matth\OneDrive - Simon Fraser University (1sfu)\attn\DeveloperMode\Scripts\jellyfin-plugin-letterboxd-sync\LetterboxdSync\LetterboxdSync.csproj]
C:\Users\matth\OneDrive - Simon Fraser University (1sfu)\attn\DeveloperMode\Scripts\jellyfin-plugin-letterboxd-sync\LetterboxdSync\LetterboxdApi.cs(531,78): warning SA1503: Braces should not be omitted (https://github.com/DotNetAnalyzers/StyleCopAnalyzers/blob/master/documentation/SA1503.md) [C:\Users\matth\OneDrive - Simon Fraser University (1sfu)\attn\DeveloperMode\Scripts\jellyfin-plugin-letterboxd-sync\LetterboxdSync\LetterboxdSync.csproj]
C:\Users\matth\OneDrive - Simon Fraser University (1sfu)\attn\DeveloperMode\Scripts\jellyfin-plugin-letterboxd-sync\LetterboxdSync\LetterboxdApi.cs(538,73): warning SA1503: Braces should not be omitted (https://github.com/DotNetAnalyzers/StyleCopAnalyzers/blob/master/documentation/SA1503.md) [C:\Users\matth\OneDrive - Simon Fraser University (1sfu)\attn\DeveloperMode\Scripts\jellyfin-plugin-letterboxd-sync\LetterboxdSync\LetterboxdSync.csproj]
C:\Users\matth\OneDrive - Simon Fraser University (1sfu)\attn\DeveloperMode\Scripts\jellyfin-plugin-letterboxd-sync\LetterboxdSync\LetterboxdApi.cs(540,110): warning SA1503: Braces should not be omitted (https://github.com/DotNetAnalyzers/StyleCopAnalyzers/blob/master/documentation/SA1503.md) [C:\Users\matth\OneDrive - Simon Fraser University (1sfu)\attn\DeveloperMode\Scripts\jellyfin-plugin-letterboxd-sync\LetterboxdSync\LetterboxdSync.csproj]
C:\Users\matth\OneDrive - Simon Fraser University (1sfu)\attn\DeveloperMode\Scripts\jellyfin-plugin-letterboxd-sync\LetterboxdSync\LetterboxdApi.cs(531,84): warning CA2201: Exception type System.Exception is not sufficiently specific (https://learn.microsoft.com/dotnet/fundamentals/code-analysis/quality-rules/ca2201) [C:\Users\matth\OneDrive - Simon Fraser University (1sfu)\attn\DeveloperMode\Scripts\jellyfin-plugin-letterboxd-sync\LetterboxdSync\LetterboxdSync.csproj]
C:\Users\matth\OneDrive - Simon Fraser University (1sfu)\attn\DeveloperMode\Scripts\jellyfin-plugin-letterboxd-sync\LetterboxdSync\LetterboxdApi.cs(532,31): warning CA2201: Exception type System.Exception is not sufficiently specific (https://learn.microsoft.com/dotnet/fundamentals/code-analysis/quality-rules/ca2201) [C:\Users\matth\OneDrive - Simon Fraser University (1sfu)\attn\DeveloperMode\Scripts\jellyfin-plugin-letterboxd-sync\LetterboxdSync\LetterboxdSync.csproj]
C:\Users\matth\OneDrive - Simon Fraser University (1sfu)\attn\DeveloperMode\Scripts\jellyfin-plugin-letterboxd-sync\LetterboxdSync\LetterboxdApi.cs(541,31): warning CA2201: Exception type System.Exception is not sufficiently specific (https://learn.microsoft.com/dotnet/fundamentals/code-analysis/quality-rules/ca2201) [C:\Users\matth\OneDrive - Simon Fraser University (1sfu)\attn\DeveloperMode\Scripts\jellyfin-plugin-letterboxd-sync\LetterboxdSync\LetterboxdSync.csproj]
C:\Users\matth\OneDrive - Simon Fraser University (1sfu)\attn\DeveloperMode\Scripts\jellyfin-plugin-letterboxd-sync\LetterboxdSync\LetterboxdApi.cs(546,15): warning CA2201: Exception type System.Exception is not sufficiently specific (https://learn.microsoft.com/dotnet/fundamentals/code-analysis/quality-rules/ca2201) [C:\Users\matth\OneDrive - Simon Fraser University (1sfu)\attn\DeveloperMode\Scripts\jellyfin-plugin-letterboxd-sync\LetterboxdSync\LetterboxdSync.csproj]
C:\Users\matth\OneDrive - Simon Fraser University (1sfu)\attn\DeveloperMode\Scripts\jellyfin-plugin-letterboxd-sync\LetterboxdSync\LetterboxdApi.cs(581,25): warning SA1503: Braces should not be omitted (https://github.com/DotNetAnalyzers/StyleCopAnalyzers/blob/master/documentation/SA1503.md) [C:\Users\matth\OneDrive - Simon Fraser University (1sfu)\attn\DeveloperMode\Scripts\jellyfin-plugin-letterboxd-sync\LetterboxdSync\LetterboxdSync.csproj]
C:\Users\matth\OneDrive - Simon Fraser University (1sfu)\attn\DeveloperMode\Scripts\jellyfin-plugin-letterboxd-sync\LetterboxdSync\LetterboxdApi.cs(595,65): warning SA1503: Braces should not be omitted (https://github.com/DotNetAnalyzers/StyleCopAnalyzers/blob/master/documentation/SA1503.md) [C:\Users\matth\OneDrive - Simon Fraser University (1sfu)\attn\DeveloperMode\Scripts\jellyfin-plugin-letterboxd-sync\LetterboxdSync\LetterboxdSync.csproj]
C:\Users\matth\OneDrive - Simon Fraser University (1sfu)\attn\DeveloperMode\Scripts\jellyfin-plugin-letterboxd-sync\LetterboxdSync\LetterboxdApi.cs(601,66): warning SA1503: Braces should not be omitted (https://github.com/DotNetAnalyzers/StyleCopAnalyzers/blob/master/documentation/SA1503.md) [C:\Users\matth\OneDrive - Simon Fraser University (1sfu)\attn\DeveloperMode\Scripts\jellyfin-plugin-letterboxd-sync\LetterboxdSync\LetterboxdSync.csproj]
C:\Users\matth\OneDrive - Simon Fraser University (1sfu)\attn\DeveloperMode\Scripts\jellyfin-plugin-letterboxd-sync\LetterboxdSync\LetterboxdApi.cs(602,64): warning SA1503: Braces should not be omitted (https://github.com/DotNetAnalyzers/StyleCopAnalyzers/blob/master/documentation/SA1503.md) [C:\Users\matth\OneDrive - Simon Fraser University (1sfu)\attn\DeveloperMode\Scripts\jellyfin-plugin-letterboxd-sync\LetterboxdSync\LetterboxdSync.csproj]
C:\Users\matth\OneDrive - Simon Fraser University (1sfu)\attn\DeveloperMode\Scripts\jellyfin-plugin-letterboxd-sync\LetterboxdSync\LetterboxdApi.cs(16,14): warning CA1001: Type 'LetterboxdApi' owns disposable field(s) 'client', 'handler' but is not disposable (https://learn.microsoft.com/dotnet/fundamentals/code-analysis/quality-rules/ca1001) [C:\Users\matth\OneDrive - Simon Fraser University (1sfu)\attn\DeveloperMode\Scripts\jellyfin-plugin-letterboxd-sync\LetterboxdSync\LetterboxdSync.csproj]
C:\Users\matth\OneDrive - Simon Fraser University (1sfu)\attn\DeveloperMode\Scripts\jellyfin-plugin-letterboxd-sync\LetterboxdSync\LetterboxdApi.cs(118,18): warning CA5399: HttpClient is created without enabling CheckCertificateRevocationList (https://learn.microsoft.com/dotnet/fundamentals/code-analysis/quality-rules/ca5399) [C:\Users\matth\OneDrive - Simon Fraser University (1sfu)\attn\DeveloperMode\Scripts\jellyfin-plugin-letterboxd-sync\LetterboxdSync\LetterboxdSync.csproj]
CSC : warning SA0001: XML comment analysis is disabled due to project configuration (https://github.com/DotNetAnalyzers/StyleCopAnalyzers/blob/master/documentation/SA0001.md) [C:\Users\matth\OneDrive - Simon Fraser University (1sfu)\attn\DeveloperMode\Scripts\jellyfin-plugin-letterboxd-sync\LetterboxdSync\LetterboxdSync.csproj]
C:\Users\matth\OneDrive - Simon Fraser University (1sfu)\attn\DeveloperMode\Scripts\jellyfin-plugin-letterboxd-sync\LetterboxdSync\API\LetterboxdSyncController.cs(25,23): error CS1501: No overload for method 'Authenticate' takes 4 arguments [C:\Users\matth\OneDrive - Simon Fraser University (1sfu)\attn\DeveloperMode\Scripts\jellyfin-plugin-letterboxd-sync\LetterboxdSync\LetterboxdSync.csproj]
C:\Users\matth\OneDrive - Simon Fraser University (1sfu)\attn\DeveloperMode\Scripts\jellyfin-plugin-letterboxd-sync\LetterboxdSync\LetterboxdSyncTask.cs(162,33): error CA1305: The behavior of 'DateTime.ToString(string)' could vary based on the current user's locale settings. Replace this call in 'LetterboxdSyncTask.ExecuteAsync(IProgress<double>, CancellationToken)' with a call to 'DateTime.ToString(string, IFormatProvider)'. (https://learn.microsoft.com/dotnet/fundamentals/code-analysis/quality-rules/ca1305) [C:\Users\matth\OneDrive - Simon Fraser University (1sfu)\attn\DeveloperMode\Scripts\jellyfin-plugin-letterboxd-sync\LetterboxdSync\LetterboxdSync.csproj]
C:\Users\matth\OneDrive - Simon Fraser University (1sfu)\attn\DeveloperMode\Scripts\jellyfin-plugin-letterboxd-sync\LetterboxdSync\LetterboxdSyncTask.cs(177,55): error CA1305: The behavior of 'DateTime.ToString(string)' could vary based on the current user's locale settings. Replace this call in 'LetterboxdSyncTask.ExecuteAsync(IProgress<double>, CancellationToken)' with a call to 'DateTime.ToString(string, IFormatProvider)'. (https://learn.microsoft.com/dotnet/fundamentals/code-analysis/quality-rules/ca1305) [C:\Users\matth\OneDrive - Simon Fraser University (1sfu)\attn\DeveloperMode\Scripts\jellyfin-plugin-letterboxd-sync\LetterboxdSync\LetterboxdSync.csproj]
    107 Warning(s)
    3 Error(s)

Time Elapsed 00:00:01.46
